"../../../Engine/Plugins/Animation/ACLPlugin/Content/ACLAnimCurveCompressionSettings.uasset" 0
"../../../Engine/Plugins/Animation/ACLPlugin/Content/ACLAnimCurveCompressionSettings.uexp" 1
"../../../Engine/Plugins/Animation/ACLPlugin/Content/ACLAnimBoneCompressionSettings.uasset" 2
"../../../Engine/Plugins/Animation/ACLPlugin/Content/ACLAnimBoneCompressionSettings.uexp" 3
"../../../Engine/Plugins/2D/Paper2D/Content/PlaceholderTextures/DummySpriteTexture.ubulk" 4
"../../../Engine/Plugins/2D/Paper2D/Content/PlaceholderTextures/DummySpriteTexture.uasset" 5
"../../../Engine/Plugins/2D/Paper2D/Content/PlaceholderTextures/DummySpriteTexture.uexp" 6
"../../../Engine/Plugins/2D/Paper2D/Content/DummySprite.uasset" 7
"../../../Engine/Plugins/2D/Paper2D/Content/DummySprite.uexp" 8
"../../../Engine/Plugins/2D/Paper2D/Content/DefaultPaperTerrainMaterial.uasset" 9
"../../../Engine/Plugins/2D/Paper2D/Content/DefaultPaperTerrainMaterial.uexp" 10
"../../../Engine/Content/Animation/DefaultVariableFrameStrippingSettings.uasset" 11
"../../../Engine/Content/Animation/DefaultVariableFrameStrippingSettings.uexp" 12
"../../../Engine/Content/Animation/DefaultRecorderBoneCompression.uasset" 13
"../../../Engine/Content/Animation/DefaultRecorderBoneCompression.uexp" 14
"../../../Engine/Plugins/Animation/ControlRig/Content/Controls/DefaultGizmoLibraryNormalized.uasset" 15
"../../../Engine/Plugins/Animation/ControlRig/Content/Controls/DefaultGizmoLibraryNormalized.uexp" 16
"../../../Engine/Content/EngineSounds/Master.uasset" 17
"../../../Engine/Content/EngineSounds/Master.uexp" 18
"../../../Engine/Content/EngineMaterials/DefaultPhysicalMaterial.uasset" 19
"../../../Engine/Content/EngineMaterials/DefaultPhysicalMaterial.uexp" 20
"../../../Engine/Content/EngineMaterials/DefaultDestructiblePhysicalMaterial.uasset" 21
"../../../Engine/Content/EngineMaterials/DefaultDestructiblePhysicalMaterial.uexp" 22
"../../../Engine/Content/EngineFonts/Faces/DroidSansFallback.uexp" 23
"../../../Engine/Content/EngineFonts/Faces/DroidSansFallback.uasset" 24
"../../../Engine/Content/EngineFonts/Faces/DroidSansFallback.ufont" 25
"../../../Engine/Content/EngineFonts/Faces/RobotoRegular.uexp" 26
"../../../Engine/Content/EngineFonts/Faces/RobotoRegular.uasset" 27
"../../../Engine/Content/EngineFonts/Faces/RobotoRegular.ufont" 28
"../../../Engine/Content/EngineFonts/Faces/RobotoLight.uexp" 29
"../../../Engine/Content/EngineFonts/Faces/RobotoLight.uasset" 30
"../../../Engine/Content/EngineFonts/Faces/RobotoLight.ufont" 31
"../../../Engine/Content/EngineFonts/Faces/RobotoItalic.uexp" 32
"../../../Engine/Content/EngineFonts/Faces/RobotoItalic.uasset" 33
"../../../Engine/Content/EngineFonts/Faces/RobotoItalic.ufont" 34
"../../../Engine/Content/EngineFonts/Faces/RobotoBoldItalic.uexp" 35
"../../../Engine/Content/EngineFonts/Faces/RobotoBoldItalic.uasset" 36
"../../../Engine/Content/EngineFonts/Faces/RobotoBoldItalic.ufont" 37
"../../../Engine/Content/EngineFonts/Faces/RobotoBold.uexp" 38
"../../../Engine/Content/EngineFonts/Faces/RobotoBold.uasset" 39
"../../../Engine/Content/EngineFonts/Faces/RobotoBold.ufont" 40
"../../../Engine/Content/EngineFonts/Roboto.uasset" 41
"../../../Engine/Content/EngineFonts/Roboto.uexp" 42
"../../../Engine/Content/EngineFonts/Faces/DroidSansMono.uexp" 43
"../../../Engine/Content/EngineFonts/Faces/DroidSansMono.uasset" 44
"../../../Engine/Content/EngineFonts/Faces/DroidSansMono.ufont" 45
"../../../Engine/Content/EngineFonts/DroidSansMono.uasset" 46
"../../../Engine/Content/EngineFonts/DroidSansMono.uexp" 47
"../../../Engine/Plugins/Interchange/Runtime/Content/Pipelines/DefaultTexturePipeline.uasset" 48
"../../../Engine/Plugins/Interchange/Runtime/Content/Pipelines/DefaultTexturePipeline.uexp" 49
"../../../Engine/Plugins/Interchange/Runtime/Content/Pipelines/DefaultSceneLevelPipeline.uasset" 50
"../../../Engine/Plugins/Interchange/Runtime/Content/Pipelines/DefaultSceneLevelPipeline.uexp" 51
"../../../Engine/Plugins/Interchange/Runtime/Content/Pipelines/DefaultSceneAssetsPipeline.uasset" 52
"../../../Engine/Plugins/Interchange/Runtime/Content/Pipelines/DefaultSceneAssetsPipeline.uexp" 53
"../../../Engine/Plugins/Interchange/Runtime/Content/Pipelines/DefaultMaterialXPipeline.uasset" 54
"../../../Engine/Plugins/Interchange/Runtime/Content/Pipelines/DefaultMaterialXPipeline.uexp" 55
"../../../Engine/Plugins/Interchange/Runtime/Content/Pipelines/DefaultMaterialPipeline.uasset" 56
"../../../Engine/Plugins/Interchange/Runtime/Content/Pipelines/DefaultMaterialPipeline.uexp" 57
"../../../Engine/Plugins/Interchange/Runtime/Content/Pipelines/DefaultGLTFSceneAssetsPipeline.uasset" 58
"../../../Engine/Plugins/Interchange/Runtime/Content/Pipelines/DefaultGLTFSceneAssetsPipeline.uexp" 59
"../../../Engine/Plugins/Interchange/Runtime/Content/Pipelines/DefaultGLTFPipeline.uasset" 60
"../../../Engine/Plugins/Interchange/Runtime/Content/Pipelines/DefaultGLTFPipeline.uexp" 61
"../../../Engine/Plugins/Interchange/Runtime/Content/Pipelines/DefaultGLTFAssetsPipeline.uasset" 62
"../../../Engine/Plugins/Interchange/Runtime/Content/Pipelines/DefaultGLTFAssetsPipeline.uexp" 63
"../../../Engine/Plugins/Interchange/Runtime/Content/Pipelines/DefaultAssetsPipeline.uasset" 64
"../../../Engine/Plugins/Interchange/Runtime/Content/Pipelines/DefaultAssetsPipeline.uexp" 65
"../../../Engine/Content/EngineResources/GradientTexture0.uasset" 66
"../../../Engine/Content/EngineResources/GradientTexture0.uexp" 67
"../../../Engine/Content/EngineResources/Black.uasset" 68
"../../../Engine/Content/EngineResources/Black.uexp" 69
"../../../Engine/Content/EditorResources/S_Actor.ubulk" 70
"../../../Engine/Content/EditorResources/S_Actor.uasset" 71
"../../../Engine/Content/EditorResources/S_Actor.uexp" 72
"../../../Engine/Content/EditorResources/S_Trigger.ubulk" 73
"../../../Engine/Content/EditorResources/S_Trigger.uasset" 74
"../../../Engine/Content/EditorResources/S_Trigger.uexp" 75
"../../../Engine/Content/EditorResources/S_BoxReflectionCapture.uasset" 76
"../../../Engine/Content/EditorResources/S_BoxReflectionCapture.uexp" 77
"../../../Engine/Content/EngineResources/DefaultTexture.ubulk" 78
"../../../Engine/Content/EngineResources/DefaultTexture.uasset" 79
"../../../Engine/Content/EngineResources/DefaultTexture.uexp" 80
"../../../Engine/Content/EditorResources/S_TriggerBox.uasset" 81
"../../../Engine/Content/EditorResources/S_TriggerBox.uexp" 82
"../../../Engine/Content/EditorResources/S_TriggerCapsule.uasset" 83
"../../../Engine/Content/EditorResources/S_TriggerCapsule.uexp" 84
"../../../Engine/Content/EditorResources/S_TriggerSphere.uasset" 85
"../../../Engine/Content/EditorResources/S_TriggerSphere.uexp" 86
"../../../Engine/Content/EngineMeshes/Sphere.ubulk" 87
"../../../Engine/Content/EngineMeshes/Sphere.uasset" 88
"../../../Engine/Content/EngineMeshes/Sphere.uexp" 89
"../../../Engine/Content/EngineResources/DefaultTextureCube.uasset" 90
"../../../Engine/Content/EngineResources/DefaultTextureCube.uexp" 91
"../../../Engine/Plugins/2D/Paper2D/Content/DefaultSpriteMaterial.uasset" 92
"../../../Engine/Plugins/2D/Paper2D/Content/DefaultSpriteMaterial.uexp" 93
"../../../Engine/Plugins/2D/Paper2D/Content/OpaqueUnlitSpriteMaterial.uasset" 94
"../../../Engine/Plugins/2D/Paper2D/Content/OpaqueUnlitSpriteMaterial.uexp" 95
"../../../Engine/Plugins/2D/Paper2D/Content/MaskedUnlitSpriteMaterial.uasset" 96
"../../../Engine/Plugins/2D/Paper2D/Content/MaskedUnlitSpriteMaterial.uexp" 97
"../../../Engine/Plugins/NNE/NNEDenoiser/Content/NNEDTOM_Output_Default.uasset" 98
"../../../Engine/Plugins/NNE/NNEDenoiser/Content/NNEDTOM_Output_Default.uexp" 99
"../../../Engine/Plugins/NNE/NNEDenoiser/Content/NNEDTOM_Output_Alpha.uasset" 100
"../../../Engine/Plugins/NNE/NNEDenoiser/Content/NNEDTOM_Output_Alpha.uexp" 101
"../../../Engine/Plugins/NNE/NNEDenoiser/Content/NNEDTIM_ColorAlbedoNormal_Default.uasset" 102
"../../../Engine/Plugins/NNE/NNEDenoiser/Content/NNEDTIM_ColorAlbedoNormal_Default.uexp" 103
"../../../Engine/Plugins/NNE/NNEDenoiser/Content/NNEDTIM_ColorAlbedoNormal_Alpha.uasset" 104
"../../../Engine/Plugins/NNE/NNEDenoiser/Content/NNEDTIM_ColorAlbedoNormal_Alpha.uexp" 105
"../../../Engine/Plugins/NNE/NNEDenoiser/Content/NNEDOM_Output_Default.uasset" 106
"../../../Engine/Plugins/NNE/NNEDenoiser/Content/NNEDOM_Output_Default.uexp" 107
"../../../Engine/Plugins/NNE/NNEDenoiser/Content/NNEDOM_Output_Alpha.uasset" 108
"../../../Engine/Plugins/NNE/NNEDenoiser/Content/NNEDOM_Output_Alpha.uexp" 109
"../../../Engine/Plugins/NNE/NNEDenoiser/Content/NNEDIM_HighQuality_Default.uasset" 110
"../../../Engine/Plugins/NNE/NNEDenoiser/Content/NNEDIM_HighQuality_Default.uexp" 111
"../../../Engine/Plugins/NNE/NNEDenoiser/Content/NNEDIM_HighQuality_Alpha.uasset" 112
"../../../Engine/Plugins/NNE/NNEDenoiser/Content/NNEDIM_HighQuality_Alpha.uexp" 113
"../../../Engine/Plugins/NNE/NNEDenoiser/Content/NNEDIM_ColorAlbedoNormal_Default.uasset" 114
"../../../Engine/Plugins/NNE/NNEDenoiser/Content/NNEDIM_ColorAlbedoNormal_Default.uexp" 115
"../../../Engine/Plugins/NNE/NNEDenoiser/Content/NNEDIM_ColorAlbedoNormal_Alpha.uasset" 116
"../../../Engine/Plugins/NNE/NNEDenoiser/Content/NNEDIM_ColorAlbedoNormal_Alpha.uexp" 117
"../../../Engine/Content/EngineMaterials/T_Default_Material_Grid_M.ubulk" 118
"../../../Engine/Content/EngineMaterials/T_Default_Material_Grid_M.uasset" 119
"../../../Engine/Content/EngineMaterials/T_Default_Material_Grid_M.uexp" 120
"../../../Engine/Content/Functions/Engine_MaterialFunctions01/Opacity/CameraDepthFade.uasset" 121
"../../../Engine/Content/Functions/Engine_MaterialFunctions01/Opacity/CameraDepthFade.uexp" 122
"../../../Engine/Content/EngineMaterials/T_Default_Material_Grid_N.ubulk" 123
"../../../Engine/Content/EngineMaterials/T_Default_Material_Grid_N.uasset" 124
"../../../Engine/Content/EngineMaterials/T_Default_Material_Grid_N.uexp" 125
"../../../Engine/Content/EngineMaterials/WorldGridMaterial.uasset" 126
"../../../Engine/Content/EngineMaterials/WorldGridMaterial.uexp" 127
"../../../Engine/Plugins/Media/MediaPlate/Content/SM_MediaPlateScreen.ubulk" 128
"../../../Engine/Plugins/Media/MediaPlate/Content/SM_MediaPlateScreen.uasset" 129
"../../../Engine/Plugins/Media/MediaPlate/Content/SM_MediaPlateScreen.uexp" 130
"../../../Engine/Content/Functions/Engine_MaterialFunctions02/WorldPositionOffset/CameraOffset.uasset" 131
"../../../Engine/Content/Functions/Engine_MaterialFunctions02/WorldPositionOffset/CameraOffset.uexp" 132
"../../../Engine/Plugins/Animation/ControlRig/Content/M_Manip.uasset" 133
"../../../Engine/Plugins/Animation/ControlRig/Content/M_Manip.uexp" 134
"../../../Engine/Content/EngineMaterials/DefaultMaterial.uasset" 135
"../../../Engine/Content/EngineMaterials/DefaultMaterial.uexp" 136
"../../../Engine/Content/BasicShapes/Sphere.ubulk" 137
"../../../Engine/Content/BasicShapes/Sphere.uasset" 138
"../../../Engine/Content/BasicShapes/Sphere.uexp" 139
"../../../Engine/Content/BasicShapes/Plane.ubulk" 140
"../../../Engine/Content/BasicShapes/Plane.uasset" 141
"../../../Engine/Content/BasicShapes/Plane.uexp" 142
"../../../Engine/Content/BasicShapes/Cylinder.ubulk" 143
"../../../Engine/Content/BasicShapes/Cylinder.uasset" 144
"../../../Engine/Content/BasicShapes/Cylinder.uexp" 145
"../../../Engine/Content/BasicShapes/Cone.ubulk" 146
"../../../Engine/Content/BasicShapes/Cone.uasset" 147
"../../../Engine/Content/BasicShapes/Cone.uexp" 148
"../../../Engine/Content/EditorMaterials/PreviewShadowIndicator.ubulk" 149
"../../../Engine/Content/EditorMaterials/PreviewShadowIndicator.uasset" 150
"../../../Engine/Content/EditorMaterials/PreviewShadowIndicator.uexp" 151
"../../../Engine/Content/EditorMaterials/PreviewShadowIndicatorMaterial.uasset" 152
"../../../Engine/Content/EditorMaterials/PreviewShadowIndicatorMaterial.uexp" 153
"../../../Engine/Content/EditorMaterials/PhAT_UnselectedMaterial.uasset" 154
"../../../Engine/Content/EditorMaterials/PhAT_UnselectedMaterial.uexp" 155
"../../../Engine/Content/EditorMaterials/PhAT_NoCollisionMaterial.uasset" 156
"../../../Engine/Content/EditorMaterials/PhAT_NoCollisionMaterial.uexp" 157
"../../../Engine/Content/EditorLandscapeResources/SplineEditorMeshMat.uasset" 158
"../../../Engine/Content/EditorLandscapeResources/SplineEditorMeshMat.uexp" 159
"../../../Engine/Content/EditorLandscapeResources/SplineEditorMesh.ubulk" 160
"../../../Engine/Content/EditorLandscapeResources/SplineEditorMesh.uasset" 161
"../../../Engine/Content/EditorLandscapeResources/SplineEditorMesh.uexp" 162
"../../../Engine/Content/EditorLandscapeResources/WhiteSquareTexture.uasset" 163
"../../../Engine/Content/EditorLandscapeResources/WhiteSquareTexture.uexp" 164
"../../../Engine/Content/EditorLandscapeResources/DefaultAlphaTexture.uasset" 165
"../../../Engine/Content/EditorLandscapeResources/DefaultAlphaTexture.uexp" 166
"../../../Engine/Content/Functions/Engine_MaterialFunctions03/Math/WithinRangeFloat2.uasset" 167
"../../../Engine/Content/Functions/Engine_MaterialFunctions03/Math/WithinRangeFloat2.uexp" 168
"../../../Engine/Content/EditorLandscapeResources/SelectBrushMaterial.uasset" 169
"../../../Engine/Content/EditorLandscapeResources/SelectBrushMaterial.uexp" 170
"../../../Engine/Content/EditorLandscapeResources/SelectBrushMaterial_SelectedRegion.uasset" 171
"../../../Engine/Content/EditorLandscapeResources/SelectBrushMaterial_SelectedRegion.uexp" 172
"../../../Engine/Content/EditorLandscapeResources/SelectBrushMaterial_Selected.uasset" 173
"../../../Engine/Content/EditorLandscapeResources/SelectBrushMaterial_Selected.uexp" 174
"../../../Engine/Content/Functions/Engine_MaterialFunctions02/Utility/MakeFloat3.uasset" 175
"../../../Engine/Content/Functions/Engine_MaterialFunctions02/Utility/MakeFloat3.uexp" 176
"../../../Engine/Content/EditorLandscapeResources/MaskBrushMaterial.uasset" 177
"../../../Engine/Content/EditorLandscapeResources/MaskBrushMaterial.uexp" 178
"../../../Engine/Content/EditorLandscapeResources/MaskBrushMaterial_MaskedRegion.uasset" 179
"../../../Engine/Content/EditorLandscapeResources/MaskBrushMaterial_MaskedRegion.uexp" 180
"../../../Engine/Content/EditorLandscapeResources/LayerVisMaterial.uasset" 181
"../../../Engine/Content/EditorLandscapeResources/LayerVisMaterial.uexp" 182
"../../../Engine/Content/Functions/Engine_MaterialFunctions02/Utility/BreakOutFloat2Components.uasset" 183
"../../../Engine/Content/Functions/Engine_MaterialFunctions02/Utility/BreakOutFloat2Components.uexp" 184
"../../../Engine/Content/Functions/Engine_MaterialFunctions01/Texturing/ScaleUVsByCenter.uasset" 185
"../../../Engine/Content/Functions/Engine_MaterialFunctions01/Texturing/ScaleUVsByCenter.uexp" 186
"../../../Engine/Content/Functions/Engine_MaterialFunctions02/WorldPositionOffset/LocalPosition.uasset" 187
"../../../Engine/Content/Functions/Engine_MaterialFunctions02/WorldPositionOffset/LocalPosition.uexp" 188
"../../../Engine/Content/EngineMaterials/DefaultDiffuse.ubulk" 189
"../../../Engine/Content/EngineMaterials/DefaultDiffuse.uasset" 190
"../../../Engine/Content/EngineMaterials/DefaultDiffuse.uexp" 191
"../../../Engine/Content/Functions/Engine_MaterialFunctions01/Texturing/TextureCropping.uasset" 192
"../../../Engine/Content/Functions/Engine_MaterialFunctions01/Texturing/TextureCropping.uexp" 193
"../../../Engine/Content/Functions/Engine_MaterialFunctions02/ExampleContent/DebugNumberStrip.uasset" 194
"../../../Engine/Content/Functions/Engine_MaterialFunctions02/ExampleContent/DebugNumberStrip.uexp" 195
"../../../Engine/Content/Functions/Engine_MaterialFunctions01/Debug/DebugIntValues.uasset" 196
"../../../Engine/Content/Functions/Engine_MaterialFunctions01/Debug/DebugIntValues.uexp" 197
"../../../Engine/Content/EditorLandscapeResources/LandscapeLayerUsageMaterial.uasset" 198
"../../../Engine/Content/EditorLandscapeResources/LandscapeLayerUsageMaterial.uexp" 199
"../../../Engine/Content/EditorLandscapeResources/LandscapeDirtyMaterial.uasset" 200
"../../../Engine/Content/EditorLandscapeResources/LandscapeDirtyMaterial.uexp" 201
"../../../Engine/Content/EditorLandscapeResources/ColorMaskBrushMaterial.uasset" 202
"../../../Engine/Content/EditorLandscapeResources/ColorMaskBrushMaterial.uexp" 203
"../../../Engine/Content/EditorLandscapeResources/ColorMaskBrushMaterial_MaskedRegion.uasset" 204
"../../../Engine/Content/EditorLandscapeResources/ColorMaskBrushMaterial_MaskedRegion.uexp" 205
"../../../Engine/Plugins/Animation/ControlRig/Content/Controls/ControlRig_Wedge_solid.ubulk" 206
"../../../Engine/Plugins/Animation/ControlRig/Content/Controls/ControlRig_Wedge_solid.uasset" 207
"../../../Engine/Plugins/Animation/ControlRig/Content/Controls/ControlRig_Wedge_solid.uexp" 208
"../../../Engine/Plugins/Animation/ControlRig/Content/Controls/ControlRig_Wedge_3mm.ubulk" 209
"../../../Engine/Plugins/Animation/ControlRig/Content/Controls/ControlRig_Wedge_3mm.uasset" 210
"../../../Engine/Plugins/Animation/ControlRig/Content/Controls/ControlRig_Wedge_3mm.uexp" 211
"../../../Engine/Plugins/Animation/ControlRig/Content/Controls/ControlRig_Wedge_1mm.ubulk" 212
"../../../Engine/Plugins/Animation/ControlRig/Content/Controls/ControlRig_Wedge_1mm.uasset" 213
"../../../Engine/Plugins/Animation/ControlRig/Content/Controls/ControlRig_Wedge_1mm.uexp" 214
"../../../Engine/Plugins/Animation/ControlRig/Content/Controls/ControlRig_Triangle_solid.ubulk" 215
"../../../Engine/Plugins/Animation/ControlRig/Content/Controls/ControlRig_Triangle_solid.uasset" 216
"../../../Engine/Plugins/Animation/ControlRig/Content/Controls/ControlRig_Triangle_solid.uexp" 217
"../../../Engine/Plugins/Animation/ControlRig/Content/Controls/ControlRig_Triangle_3mm.ubulk" 218
"../../../Engine/Plugins/Animation/ControlRig/Content/Controls/ControlRig_Triangle_3mm.uasset" 219
"../../../Engine/Plugins/Animation/ControlRig/Content/Controls/ControlRig_Triangle_3mm.uexp" 220
"../../../Engine/Plugins/Animation/ControlRig/Content/Controls/ControlRig_Triangle_1mm.ubulk" 221
"../../../Engine/Plugins/Animation/ControlRig/Content/Controls/ControlRig_Triangle_1mm.uasset" 222
"../../../Engine/Plugins/Animation/ControlRig/Content/Controls/ControlRig_Triangle_1mm.uexp" 223
"../../../Engine/Plugins/Animation/ControlRig/Content/Controls/ControlRig_Star4_solid.ubulk" 224
"../../../Engine/Plugins/Animation/ControlRig/Content/Controls/ControlRig_Star4_solid.uasset" 225
"../../../Engine/Plugins/Animation/ControlRig/Content/Controls/ControlRig_Star4_solid.uexp" 226
"../../../Engine/Plugins/Animation/ControlRig/Content/Controls/ControlRig_Star4_3mm.ubulk" 227
"../../../Engine/Plugins/Animation/ControlRig/Content/Controls/ControlRig_Star4_3mm.uasset" 228
"../../../Engine/Plugins/Animation/ControlRig/Content/Controls/ControlRig_Star4_3mm.uexp" 229
"../../../Engine/Plugins/Animation/ControlRig/Content/Controls/ControlRig_Star4_1mm.ubulk" 230
"../../../Engine/Plugins/Animation/ControlRig/Content/Controls/ControlRig_Star4_1mm.uasset" 231
"../../../Engine/Plugins/Animation/ControlRig/Content/Controls/ControlRig_Star4_1mm.uexp" 232
"../../../Engine/Plugins/Animation/ControlRig/Content/Controls/ControlRig_Square_solid.ubulk" 233
"../../../Engine/Plugins/Animation/ControlRig/Content/Controls/ControlRig_Square_solid.uasset" 234
"../../../Engine/Plugins/Animation/ControlRig/Content/Controls/ControlRig_Square_solid.uexp" 235
"../../../Engine/Plugins/Animation/ControlRig/Content/Controls/ControlRig_Square_3mm.ubulk" 236
"../../../Engine/Plugins/Animation/ControlRig/Content/Controls/ControlRig_Square_3mm.uasset" 237
"../../../Engine/Plugins/Animation/ControlRig/Content/Controls/ControlRig_Square_3mm.uexp" 238
"../../../Engine/Plugins/Animation/ControlRig/Content/Controls/ControlRig_Square_1mm.ubulk" 239
"../../../Engine/Plugins/Animation/ControlRig/Content/Controls/ControlRig_Square_1mm.uasset" 240
"../../../Engine/Plugins/Animation/ControlRig/Content/Controls/ControlRig_Square_1mm.uexp" 241
"../../../Engine/Plugins/Animation/ControlRig/Content/Controls/ControlRig_Sphere_solid.ubulk" 242
"../../../Engine/Plugins/Animation/ControlRig/Content/Controls/ControlRig_Sphere_solid.uasset" 243
"../../../Engine/Plugins/Animation/ControlRig/Content/Controls/ControlRig_Sphere_solid.uexp" 244
"../../../Engine/Plugins/Animation/ControlRig/Content/Controls/ControlRig_Sphere_3mm.ubulk" 245
"../../../Engine/Plugins/Animation/ControlRig/Content/Controls/ControlRig_Sphere_3mm.uasset" 246
"../../../Engine/Plugins/Animation/ControlRig/Content/Controls/ControlRig_Sphere_3mm.uexp" 247
"../../../Engine/Plugins/Animation/ControlRig/Content/Controls/ControlRig_Sphere_1mm.ubulk" 248
"../../../Engine/Plugins/Animation/ControlRig/Content/Controls/ControlRig_Sphere_1mm.uasset" 249
"../../../Engine/Plugins/Animation/ControlRig/Content/Controls/ControlRig_Sphere_1mm.uexp" 250
"../../../Engine/Plugins/Animation/ControlRig/Content/Controls/ControlRig_RoundedTriangle_solid.ubulk" 251
"../../../Engine/Plugins/Animation/ControlRig/Content/Controls/ControlRig_RoundedTriangle_solid.uasset" 252
"../../../Engine/Plugins/Animation/ControlRig/Content/Controls/ControlRig_RoundedTriangle_solid.uexp" 253
"../../../Engine/Plugins/Animation/ControlRig/Content/Controls/ControlRig_RoundedTriangle_3mm.ubulk" 254
"../../../Engine/Plugins/Animation/ControlRig/Content/Controls/ControlRig_RoundedTriangle_3mm.uasset" 255
"../../../Engine/Plugins/Animation/ControlRig/Content/Controls/ControlRig_RoundedTriangle_3mm.uexp" 256
"../../../Engine/Plugins/Animation/ControlRig/Content/Controls/ControlRig_RoundedTriangle_1mm.ubulk" 257
"../../../Engine/Plugins/Animation/ControlRig/Content/Controls/ControlRig_RoundedTriangle_1mm.uasset" 258
"../../../Engine/Plugins/Animation/ControlRig/Content/Controls/ControlRig_RoundedTriangle_1mm.uexp" 259
"../../../Engine/Plugins/Animation/ControlRig/Content/Controls/ControlRig_RoundedSquare_solid.ubulk" 260
"../../../Engine/Plugins/Animation/ControlRig/Content/Controls/ControlRig_RoundedSquare_solid.uasset" 261
"../../../Engine/Plugins/Animation/ControlRig/Content/Controls/ControlRig_RoundedSquare_solid.uexp" 262
"../../../Engine/Plugins/Animation/ControlRig/Content/Controls/ControlRig_RoundedSquare_3mm.ubulk" 263
"../../../Engine/Plugins/Animation/ControlRig/Content/Controls/ControlRig_RoundedSquare_3mm.uasset" 264
"../../../Engine/Plugins/Animation/ControlRig/Content/Controls/ControlRig_RoundedSquare_3mm.uexp" 265
"../../../Engine/Plugins/Animation/ControlRig/Content/Controls/ControlRig_RoundedSquare_1mm.ubulk" 266
"../../../Engine/Plugins/Animation/ControlRig/Content/Controls/ControlRig_RoundedSquare_1mm.uasset" 267
"../../../Engine/Plugins/Animation/ControlRig/Content/Controls/ControlRig_RoundedSquare_1mm.uexp" 268
"../../../Engine/Plugins/Animation/ControlRig/Content/Controls/ControlRig_QuarterCircle_solid.ubulk" 269
"../../../Engine/Plugins/Animation/ControlRig/Content/Controls/ControlRig_QuarterCircle_solid.uasset" 270
"../../../Engine/Plugins/Animation/ControlRig/Content/Controls/ControlRig_QuarterCircle_solid.uexp" 271
"../../../Engine/Plugins/Animation/ControlRig/Content/Controls/ControlRig_QuarterCircle_3mm.ubulk" 272
"../../../Engine/Plugins/Animation/ControlRig/Content/Controls/ControlRig_QuarterCircle_3mm.uasset" 273
"../../../Engine/Plugins/Animation/ControlRig/Content/Controls/ControlRig_QuarterCircle_3mm.uexp" 274
"../../../Engine/Plugins/Animation/ControlRig/Content/Controls/ControlRig_QuarterCircle_1mm.ubulk" 275
"../../../Engine/Plugins/Animation/ControlRig/Content/Controls/ControlRig_QuarterCircle_1mm.uasset" 276
"../../../Engine/Plugins/Animation/ControlRig/Content/Controls/ControlRig_QuarterCircle_1mm.uexp" 277
"../../../Engine/Plugins/Animation/ControlRig/Content/Controls/ControlRig_Pyramid_solid.ubulk" 278
"../../../Engine/Plugins/Animation/ControlRig/Content/Controls/ControlRig_Pyramid_solid.uasset" 279
"../../../Engine/Plugins/Animation/ControlRig/Content/Controls/ControlRig_Pyramid_solid.uexp" 280
"../../../Engine/Plugins/Animation/ControlRig/Content/Controls/ControlRig_Pyramid_3mm.ubulk" 281
"../../../Engine/Plugins/Animation/ControlRig/Content/Controls/ControlRig_Pyramid_3mm.uasset" 282
"../../../Engine/Plugins/Animation/ControlRig/Content/Controls/ControlRig_Pyramid_3mm.uexp" 283
"../../../Engine/Plugins/Animation/ControlRig/Content/Controls/ControlRig_Pyramid_1mm.ubulk" 284
"../../../Engine/Plugins/Animation/ControlRig/Content/Controls/ControlRig_Pyramid_1mm.uasset" 285
"../../../Engine/Plugins/Animation/ControlRig/Content/Controls/ControlRig_Pyramid_1mm.uexp" 286
"../../../Engine/Plugins/Animation/ControlRig/Content/Controls/ControlRig_Octagon_solid.ubulk" 287
"../../../Engine/Plugins/Animation/ControlRig/Content/Controls/ControlRig_Octagon_solid.uasset" 288
"../../../Engine/Plugins/Animation/ControlRig/Content/Controls/ControlRig_Octagon_solid.uexp" 289
"../../../Engine/Plugins/Animation/ControlRig/Content/Controls/ControlRig_Octagon_3mm.ubulk" 290
"../../../Engine/Plugins/Animation/ControlRig/Content/Controls/ControlRig_Octagon_3mm.uasset" 291
"../../../Engine/Plugins/Animation/ControlRig/Content/Controls/ControlRig_Octagon_3mm.uexp" 292
"../../../Engine/Plugins/Animation/ControlRig/Content/Controls/ControlRig_Octagon_1mm.ubulk" 293
"../../../Engine/Plugins/Animation/ControlRig/Content/Controls/ControlRig_Octagon_1mm.uasset" 294
"../../../Engine/Plugins/Animation/ControlRig/Content/Controls/ControlRig_Octagon_1mm.uexp" 295
"../../../Engine/Plugins/Animation/ControlRig/Content/Controls/ControlRig_Hexagon_solid.ubulk" 296
"../../../Engine/Plugins/Animation/ControlRig/Content/Controls/ControlRig_Hexagon_solid.uasset" 297
"../../../Engine/Plugins/Animation/ControlRig/Content/Controls/ControlRig_Hexagon_solid.uexp" 298
"../../../Engine/Plugins/Animation/ControlRig/Content/Controls/ControlRig_Hexagon_3mm.ubulk" 299
"../../../Engine/Plugins/Animation/ControlRig/Content/Controls/ControlRig_Hexagon_3mm.uasset" 300
"../../../Engine/Plugins/Animation/ControlRig/Content/Controls/ControlRig_Hexagon_3mm.uexp" 301
"../../../Engine/Plugins/Animation/ControlRig/Content/Controls/ControlRig_Hexagon_1mm.ubulk" 302
"../../../Engine/Plugins/Animation/ControlRig/Content/Controls/ControlRig_Hexagon_1mm.uasset" 303
"../../../Engine/Plugins/Animation/ControlRig/Content/Controls/ControlRig_Hexagon_1mm.uexp" 304
"../../../Engine/Plugins/Animation/ControlRig/Content/Controls/ControlRig_HalfCircle_solid.ubulk" 305
"../../../Engine/Plugins/Animation/ControlRig/Content/Controls/ControlRig_HalfCircle_solid.uasset" 306
"../../../Engine/Plugins/Animation/ControlRig/Content/Controls/ControlRig_HalfCircle_solid.uexp" 307
"../../../Engine/Plugins/Animation/ControlRig/Content/Controls/ControlRig_HalfCircle_3mm.ubulk" 308
"../../../Engine/Plugins/Animation/ControlRig/Content/Controls/ControlRig_HalfCircle_3mm.uasset" 309
"../../../Engine/Plugins/Animation/ControlRig/Content/Controls/ControlRig_HalfCircle_3mm.uexp" 310
"../../../Engine/Plugins/Animation/ControlRig/Content/Controls/ControlRig_HalfCircle_1mm.ubulk" 311
"../../../Engine/Plugins/Animation/ControlRig/Content/Controls/ControlRig_HalfCircle_1mm.uasset" 312
"../../../Engine/Plugins/Animation/ControlRig/Content/Controls/ControlRig_HalfCircle_1mm.uexp" 313
"../../../Engine/Plugins/Animation/ControlRig/Content/Controls/ControlRig_Diamond_solid.ubulk" 314
"../../../Engine/Plugins/Animation/ControlRig/Content/Controls/ControlRig_Diamond_solid.uasset" 315
"../../../Engine/Plugins/Animation/ControlRig/Content/Controls/ControlRig_Diamond_solid.uexp" 316
"../../../Engine/Plugins/Animation/ControlRig/Content/Controls/ControlRig_Diamond_3mm.ubulk" 317
"../../../Engine/Plugins/Animation/ControlRig/Content/Controls/ControlRig_Diamond_3mm.uasset" 318
"../../../Engine/Plugins/Animation/ControlRig/Content/Controls/ControlRig_Diamond_3mm.uexp" 319
"../../../Engine/Plugins/Animation/ControlRig/Content/Controls/ControlRig_Diamond_1mm.ubulk" 320
"../../../Engine/Plugins/Animation/ControlRig/Content/Controls/ControlRig_Diamond_1mm.uasset" 321
"../../../Engine/Plugins/Animation/ControlRig/Content/Controls/ControlRig_Diamond_1mm.uexp" 322
"../../../Engine/Plugins/Animation/ControlRig/Content/Controls/ControlRig_Circle_solid.ubulk" 323
"../../../Engine/Plugins/Animation/ControlRig/Content/Controls/ControlRig_Circle_solid.uasset" 324
"../../../Engine/Plugins/Animation/ControlRig/Content/Controls/ControlRig_Circle_solid.uexp" 325
"../../../Engine/Plugins/Animation/ControlRig/Content/Controls/ControlRig_Circle_3mm.ubulk" 326
"../../../Engine/Plugins/Animation/ControlRig/Content/Controls/ControlRig_Circle_3mm.uasset" 327
"../../../Engine/Plugins/Animation/ControlRig/Content/Controls/ControlRig_Circle_3mm.uexp" 328
"../../../Engine/Plugins/Animation/ControlRig/Content/Controls/ControlRig_Circle_1mm.ubulk" 329
"../../../Engine/Plugins/Animation/ControlRig/Content/Controls/ControlRig_Circle_1mm.uasset" 330
"../../../Engine/Plugins/Animation/ControlRig/Content/Controls/ControlRig_Circle_1mm.uexp" 331
"../../../Engine/Plugins/Animation/ControlRig/Content/Controls/ControlRig_Box_solid.ubulk" 332
"../../../Engine/Plugins/Animation/ControlRig/Content/Controls/ControlRig_Box_solid.uasset" 333
"../../../Engine/Plugins/Animation/ControlRig/Content/Controls/ControlRig_Box_solid.uexp" 334
"../../../Engine/Plugins/Animation/ControlRig/Content/Controls/ControlRig_Box_3mm.ubulk" 335
"../../../Engine/Plugins/Animation/ControlRig/Content/Controls/ControlRig_Box_3mm.uasset" 336
"../../../Engine/Plugins/Animation/ControlRig/Content/Controls/ControlRig_Box_3mm.uexp" 337
"../../../Engine/Plugins/Animation/ControlRig/Content/Controls/ControlRig_Box_1mm.ubulk" 338
"../../../Engine/Plugins/Animation/ControlRig/Content/Controls/ControlRig_Box_1mm.uasset" 339
"../../../Engine/Plugins/Animation/ControlRig/Content/Controls/ControlRig_Box_1mm.uexp" 340
"../../../Engine/Plugins/Animation/ControlRig/Content/Controls/ControlRig_Arrow_solid.ubulk" 341
"../../../Engine/Plugins/Animation/ControlRig/Content/Controls/ControlRig_Arrow_solid.uasset" 342
"../../../Engine/Plugins/Animation/ControlRig/Content/Controls/ControlRig_Arrow_solid.uexp" 343
"../../../Engine/Plugins/Animation/ControlRig/Content/Controls/ControlRig_Arrow_3mm.ubulk" 344
"../../../Engine/Plugins/Animation/ControlRig/Content/Controls/ControlRig_Arrow_3mm.uasset" 345
"../../../Engine/Plugins/Animation/ControlRig/Content/Controls/ControlRig_Arrow_3mm.uexp" 346
"../../../Engine/Plugins/Animation/ControlRig/Content/Controls/ControlRig_Arrow_1mm.ubulk" 347
"../../../Engine/Plugins/Animation/ControlRig/Content/Controls/ControlRig_Arrow_1mm.uasset" 348
"../../../Engine/Plugins/Animation/ControlRig/Content/Controls/ControlRig_Arrow_1mm.uexp" 349
"../../../Engine/Plugins/Animation/ControlRig/Content/Controls/ControlRig_Arrow4_solid.ubulk" 350
"../../../Engine/Plugins/Animation/ControlRig/Content/Controls/ControlRig_Arrow4_solid.uasset" 351
"../../../Engine/Plugins/Animation/ControlRig/Content/Controls/ControlRig_Arrow4_solid.uexp" 352
"../../../Engine/Plugins/Animation/ControlRig/Content/Controls/ControlRig_Arrow4_3mm.ubulk" 353
"../../../Engine/Plugins/Animation/ControlRig/Content/Controls/ControlRig_Arrow4_3mm.uasset" 354
"../../../Engine/Plugins/Animation/ControlRig/Content/Controls/ControlRig_Arrow4_3mm.uexp" 355
"../../../Engine/Plugins/Animation/ControlRig/Content/Controls/ControlRig_Arrow4_1mm.ubulk" 356
"../../../Engine/Plugins/Animation/ControlRig/Content/Controls/ControlRig_Arrow4_1mm.uasset" 357
"../../../Engine/Plugins/Animation/ControlRig/Content/Controls/ControlRig_Arrow4_1mm.uexp" 358
"../../../Engine/Plugins/Animation/ControlRig/Content/Controls/ControlRig_Arrow2_solid.ubulk" 359
"../../../Engine/Plugins/Animation/ControlRig/Content/Controls/ControlRig_Arrow2_solid.uasset" 360
"../../../Engine/Plugins/Animation/ControlRig/Content/Controls/ControlRig_Arrow2_solid.uexp" 361
"../../../Engine/Plugins/Animation/ControlRig/Content/Controls/ControlRig_Arrow2_3mm.ubulk" 362
"../../../Engine/Plugins/Animation/ControlRig/Content/Controls/ControlRig_Arrow2_3mm.uasset" 363
"../../../Engine/Plugins/Animation/ControlRig/Content/Controls/ControlRig_Arrow2_3mm.uexp" 364
"../../../Engine/Plugins/Animation/ControlRig/Content/Controls/ControlRig_Arrow2_1mm.ubulk" 365
"../../../Engine/Plugins/Animation/ControlRig/Content/Controls/ControlRig_Arrow2_1mm.uasset" 366
"../../../Engine/Plugins/Animation/ControlRig/Content/Controls/ControlRig_Arrow2_1mm.uexp" 367
"../../../Engine/Plugins/Animation/ControlRig/Content/Controls/ControlRigXRayMaterial.uasset" 368
"../../../Engine/Plugins/Animation/ControlRig/Content/Controls/ControlRigXRayMaterial.uexp" 369
"../../../Engine/Plugins/Animation/ControlRig/Content/Controls/ControlRigGizmoMaterial.uasset" 370
"../../../Engine/Plugins/Animation/ControlRig/Content/Controls/ControlRigGizmoMaterial.uexp" 371
"../../../Engine/Content/EngineResources/WhiteSquareTexture.uasset" 372
"../../../Engine/Content/EngineResources/WhiteSquareTexture.uexp" 373
"../../../Engine/Content/EngineMaterials/Widget3DPassThrough.uasset" 374
"../../../Engine/Content/EngineMaterials/Widget3DPassThrough.uexp" 375
"../../../Engine/Content/EngineMaterials/Widget3DPassThrough_Translucent.uasset" 376
"../../../Engine/Content/EngineMaterials/Widget3DPassThrough_Translucent.uexp" 377
"../../../Engine/Content/EngineMaterials/Widget3DPassThrough_Translucent_OneSided.uasset" 378
"../../../Engine/Content/EngineMaterials/Widget3DPassThrough_Translucent_OneSided.uexp" 379
"../../../Engine/Content/EngineMaterials/Widget3DPassThrough_Opaque.uasset" 380
"../../../Engine/Content/EngineMaterials/Widget3DPassThrough_Opaque.uexp" 381
"../../../Engine/Content/EngineMaterials/Widget3DPassThrough_Opaque_OneSided.uasset" 382
"../../../Engine/Content/EngineMaterials/Widget3DPassThrough_Opaque_OneSided.uexp" 383
"../../../Engine/Content/EngineMaterials/Widget3DPassThrough_Masked_OneSided.uasset" 384
"../../../Engine/Content/EngineMaterials/Widget3DPassThrough_Masked_OneSided.uexp" 385
"../../../Engine/Content/EngineMaterials/Widget3DPassThrough_Masked.uasset" 386
"../../../Engine/Content/EngineMaterials/Widget3DPassThrough_Masked.uexp" 387
"../../../Engine/Content/EngineMaterials/WeightMapPlaceholderTexture.uasset" 388
"../../../Engine/Content/EngineMaterials/WeightMapPlaceholderTexture.uexp" 389
"../../../Engine/Content/EngineMaterials/WeightMapArrayPlaceholderTexture.uasset" 390
"../../../Engine/Content/EngineMaterials/WeightMapArrayPlaceholderTexture.uexp" 391
"../../../Engine/Content/EngineMaterials/RemoveSurfaceMaterial.uasset" 392
"../../../Engine/Content/EngineMaterials/RemoveSurfaceMaterial.uexp" 393
"../../../Engine/Content/EngineMaterials/PreintegratedSkinBRDF.uasset" 394
"../../../Engine/Content/EngineMaterials/PreintegratedSkinBRDF.uexp" 395
"../../../Engine/Content/EngineMaterials/DefaultCalibrationGrayscale.uasset" 396
"../../../Engine/Content/EngineMaterials/DefaultCalibrationGrayscale.uexp" 397
"../../../Engine/Content/EngineMaterials/PPM_DefaultCalibrationGrayscale.uasset" 398
"../../../Engine/Content/EngineMaterials/PPM_DefaultCalibrationGrayscale.uexp" 399
"../../../Engine/Content/EngineMaterials/DefaultCalibrationColor.uasset" 400
"../../../Engine/Content/EngineMaterials/DefaultCalibrationColor.uexp" 401
"../../../Engine/Content/EngineMaterials/PPM_DefaultCalibrationColor.uasset" 402
"../../../Engine/Content/EngineMaterials/PPM_DefaultCalibrationColor.uexp" 403
"../../../Engine/Content/EngineMaterials/PhAT_JointLimitMaterial.uasset" 404
"../../../Engine/Content/EngineMaterials/PhAT_JointLimitMaterial.uexp" 405
"../../../Engine/Content/EngineMaterials/NaniteHiddenSectionMaterial.uasset" 406
"../../../Engine/Content/EngineMaterials/NaniteHiddenSectionMaterial.uexp" 407
"../../../Engine/Content/EngineMaterials/InvalidLightmapSettings.ubulk" 408
"../../../Engine/Content/EngineMaterials/InvalidLightmapSettings.uasset" 409
"../../../Engine/Content/EngineMaterials/InvalidLightmapSettings.uexp" 410
"../../../Engine/Content/EngineMaterials/M_InvalidLightmapSettings.uasset" 411
"../../../Engine/Content/EngineMaterials/M_InvalidLightmapSettings.uexp" 412
"../../../Engine/Content/EngineMaterials/MiniFont.uasset" 413
"../../../Engine/Content/EngineMaterials/MiniFont.uexp" 414
"../../../Engine/Content/EngineMaterials/GizmoMaterial.uasset" 415
"../../../Engine/Content/EngineMaterials/GizmoMaterial.uexp" 416
"../../../Engine/Content/EngineMaterials/BaseFlattenDiffuseMap_VT.uasset" 417
"../../../Engine/Content/EngineMaterials/BaseFlattenDiffuseMap_VT.uexp" 418
"../../../Engine/Content/EngineMaterials/BaseFlattenEmissiveMap_VT.uasset" 419
"../../../Engine/Content/EngineMaterials/BaseFlattenEmissiveMap_VT.uexp" 420
"../../../Engine/Content/EngineMaterials/BaseFlattenGrayscaleMap_VT.uasset" 421
"../../../Engine/Content/EngineMaterials/BaseFlattenGrayscaleMap_VT.uexp" 422
"../../../Engine/Content/EngineMaterials/BaseFlattenLinearColor_VT.uasset" 423
"../../../Engine/Content/EngineMaterials/BaseFlattenLinearColor_VT.uexp" 424
"../../../Engine/Content/EngineMaterials/BaseFlattenNormalMap_VT.uasset" 425
"../../../Engine/Content/EngineMaterials/BaseFlattenNormalMap_VT.uexp" 426
"../../../Engine/Content/EngineMaterials/Black_1x1_EXR_Texture_VT.uasset" 427
"../../../Engine/Content/EngineMaterials/Black_1x1_EXR_Texture_VT.uexp" 428
"../../../Engine/Content/EngineMaterials/FlattenMaterial_WS_Normal_VT.uasset" 429
"../../../Engine/Content/EngineMaterials/FlattenMaterial_WS_Normal_VT.uexp" 430
"../../../Engine/Content/EngineMaterials/FlattenMaterial_VT.uasset" 431
"../../../Engine/Content/EngineMaterials/FlattenMaterial_VT.uexp" 432
"../../../Engine/Content/EngineMaterials/BaseFlattenLinearColor.uasset" 433
"../../../Engine/Content/EngineMaterials/BaseFlattenLinearColor.uexp" 434
"../../../Engine/Content/EngineMaterials/BaseFlattenNormalMap.uasset" 435
"../../../Engine/Content/EngineMaterials/BaseFlattenNormalMap.uexp" 436
"../../../Engine/Content/EngineMaterials/BaseFlattenDiffuseMap.uasset" 437
"../../../Engine/Content/EngineMaterials/BaseFlattenDiffuseMap.uexp" 438
"../../../Engine/Content/EngineMaterials/BaseFlattenEmissiveMap.uasset" 439
"../../../Engine/Content/EngineMaterials/BaseFlattenEmissiveMap.uexp" 440
"../../../Engine/Content/EngineMaterials/BaseFlattenGrayscaleMap.uasset" 441
"../../../Engine/Content/EngineMaterials/BaseFlattenGrayscaleMap.uexp" 442
"../../../Engine/Content/Functions/Engine_MaterialFunctions02/PivotPainter2/Black_1x1_EXR_Texture.uasset" 443
"../../../Engine/Content/Functions/Engine_MaterialFunctions02/PivotPainter2/Black_1x1_EXR_Texture.uexp" 444
"../../../Engine/Content/EngineMaterials/FlattenMaterial.uasset" 445
"../../../Engine/Content/EngineMaterials/FlattenMaterial.uexp" 446
"../../../Engine/Content/EngineMaterials/FastBlueNoise_vec2_128x128x64.uasset" 447
"../../../Engine/Content/EngineMaterials/FastBlueNoise_vec2_128x128x64.uexp" 448
"../../../Engine/Content/EngineMaterials/FastBlueNoise_scalar_128x128x8.uasset" 449
"../../../Engine/Content/EngineMaterials/FastBlueNoise_scalar_128x128x8.uexp" 450
"../../../Engine/Content/EngineMaterials/FastBlueNoise_scalar_128x128x64.uasset" 451
"../../../Engine/Content/EngineMaterials/FastBlueNoise_scalar_128x128x64.uexp" 452
"../../../Engine/Content/EngineMaterials/DefaultWhiteGrid_Low.uasset" 453
"../../../Engine/Content/EngineMaterials/DefaultWhiteGrid_Low.uexp" 454
"../../../Engine/Content/EngineMaterials/EmissiveMeshMaterial.uasset" 455
"../../../Engine/Content/EngineMaterials/EmissiveMeshMaterial.uexp" 456
"../../../Engine/Content/EngineMaterials/DefaultWhiteGrid.ubulk" 457
"../../../Engine/Content/EngineMaterials/DefaultWhiteGrid.uasset" 458
"../../../Engine/Content/EngineMaterials/DefaultWhiteGrid.uexp" 459
"../../../Engine/Content/EngineFonts/RobotoDistanceField.uasset" 460
"../../../Engine/Content/EngineFonts/RobotoDistanceField.uexp" 461
"../../../Engine/Content/EngineMaterials/DefaultTextMaterialOpaque.uasset" 462
"../../../Engine/Content/EngineMaterials/DefaultTextMaterialOpaque.uexp" 463
"../../../Engine/Content/EngineMaterials/DefaultPostProcessMaterial.uasset" 464
"../../../Engine/Content/EngineMaterials/DefaultPostProcessMaterial.uexp" 465
"../../../Engine/Content/EngineMaterials/DefaultLightFunctionMaterial.uasset" 466
"../../../Engine/Content/EngineMaterials/DefaultLightFunctionMaterial.uexp" 467
"../../../Engine/Content/EngineMaterials/DefaultDeferredDecalMaterial.uasset" 468
"../../../Engine/Content/EngineMaterials/DefaultDeferredDecalMaterial.uexp" 469
"../../../Engine/Content/EngineMaterials/DefaultBokeh.uasset" 470
"../../../Engine/Content/EngineMaterials/DefaultBokeh.uexp" 471
"../../../Engine/Content/EngineMaterials/DefaultBloomKernel.uasset" 472
"../../../Engine/Content/EngineMaterials/DefaultBloomKernel.uexp" 473
"../../../Engine/Content/Functions/Engine_MaterialFunctions02/Utility/CameraDirectionVector.uasset" 474
"../../../Engine/Content/Functions/Engine_MaterialFunctions02/Utility/CameraDirectionVector.uexp" 475
"../../../Engine/Content/EngineDebugMaterials/VolumeToRender.uasset" 476
"../../../Engine/Content/EngineDebugMaterials/VolumeToRender.uexp" 477
"../../../Engine/Content/EngineDebugMaterials/M_VolumeRenderSphereTracePP.uasset" 478
"../../../Engine/Content/EngineDebugMaterials/M_VolumeRenderSphereTracePP.uexp" 479
"../../../Engine/Content/EngineDebugMaterials/M_SimpleUnlitTranslucent.uasset" 480
"../../../Engine/Content/EngineDebugMaterials/M_SimpleUnlitTranslucent.uexp" 481
"../../../Engine/Content/EngineDebugMaterials/DebugMeshMaterial.uasset" 482
"../../../Engine/Content/EngineDebugMaterials/DebugMeshMaterial.uexp" 483
"../../../Engine/Content/EngineDamageTypes/DmgTypeBP_Environmental.uasset" 484
"../../../Engine/Content/EngineDamageTypes/DmgTypeBP_Environmental.uexp" 485
"../../../Engine/Content/EditorResources/S_Terrain.ubulk" 486
"../../../Engine/Content/EditorResources/S_Terrain.uasset" 487
"../../../Engine/Content/EditorResources/S_Terrain.uexp" 488
"../../../Engine/Content/EditorResources/S_Solver.ubulk" 489
"../../../Engine/Content/EditorResources/S_Solver.uasset" 490
"../../../Engine/Content/EditorResources/S_Solver.uexp" 491
"../../../Engine/Plugins/VirtualProduction/CameraCalibrationCore/Content/Materials/M_DefaultOddSquare.uasset" 492
"../../../Engine/Plugins/VirtualProduction/CameraCalibrationCore/Content/Materials/M_DefaultOddSquare.uexp" 493
"../../../Engine/Plugins/VirtualProduction/CameraCalibrationCore/Content/Materials/M_DefaultEvenSquare.uasset" 494
"../../../Engine/Plugins/VirtualProduction/CameraCalibrationCore/Content/Materials/M_DefaultEvenSquare.uexp" 495
"../../../Engine/Plugins/Runtime/HairStrands/Content/Materials/HairMeshesDefaultMaterial.uasset" 496
"../../../Engine/Plugins/Runtime/HairStrands/Content/Materials/HairMeshesDefaultMaterial.uexp" 497
"../../../Engine/Plugins/Runtime/HairStrands/Content/Materials/HairDefaultMaterial.uasset" 498
"../../../Engine/Plugins/Runtime/HairStrands/Content/Materials/HairDefaultMaterial.uexp" 499
"../../../Engine/Content/Functions/Engine_MaterialFunctions02/Utility/MakeFloat2.uasset" 500
"../../../Engine/Content/Functions/Engine_MaterialFunctions02/Utility/MakeFloat2.uexp" 501
"../../../Engine/Plugins/Runtime/HairStrands/Content/Materials/HairGroupColors.uasset" 502
"../../../Engine/Plugins/Runtime/HairStrands/Content/Materials/HairGroupColors.uexp" 503
"../../../Engine/Content/EngineMaterials/HairColorMap.uasset" 504
"../../../Engine/Content/EngineMaterials/HairColorMap.uexp" 505
"../../../Engine/Content/EngineMaterials/HairDebugColor.uasset" 506
"../../../Engine/Content/EngineMaterials/HairDebugColor.uexp" 507
"../../../Engine/Plugins/Runtime/HairStrands/Content/Materials/HairDebugMaterial.uasset" 508
"../../../Engine/Plugins/Runtime/HairStrands/Content/Materials/HairDebugMaterial.uexp" 509
"../../../Engine/Plugins/Runtime/HairStrands/Content/Materials/HairCardsDefaultMaterial.uasset" 510
"../../../Engine/Plugins/Runtime/HairStrands/Content/Materials/HairCardsDefaultMaterial.uexp" 511
"../../../Engine/Plugins/Runtime/AudioWidgets/Content/Resources/ScrubHandleDown_Clamped.uasset" 512
"../../../Engine/Plugins/Runtime/AudioWidgets/Content/Resources/ScrubHandleDown_Clamped.uexp" 513
"../../../Engine/Plugins/Interchange/Assets/Content/Functions/MX_UsdPreviewSurface.uasset" 514
"../../../Engine/Plugins/Interchange/Assets/Content/Functions/MX_UsdPreviewSurface.uexp" 515
"../../../Engine/Plugins/Interchange/Assets/Content/Functions/MX_UniformEDF.uasset" 516
"../../../Engine/Plugins/Interchange/Assets/Content/Functions/MX_UniformEDF.uexp" 517
"../../../Engine/Plugins/Interchange/Assets/Content/Functions/MX_TranslucentBSDF.uasset" 518
"../../../Engine/Plugins/Interchange/Assets/Content/Functions/MX_TranslucentBSDF.uexp" 519
"../../../Engine/Plugins/Interchange/Assets/Content/Functions/MX_ThinFilmBSDF.uasset" 520
"../../../Engine/Plugins/Interchange/Assets/Content/Functions/MX_ThinFilmBSDF.uexp" 521
"../../../Engine/Plugins/Interchange/Assets/Content/Functions/MX_SurfaceUnlit.uasset" 522
"../../../Engine/Plugins/Interchange/Assets/Content/Functions/MX_SurfaceUnlit.uexp" 523
"../../../Engine/Plugins/Interchange/Assets/Content/Functions/MX_Surface.uasset" 524
"../../../Engine/Plugins/Interchange/Assets/Content/Functions/MX_Surface.uexp" 525
"../../../Engine/Plugins/Interchange/Assets/Content/Functions/MX_SubsurfaceBSDF.uasset" 526
"../../../Engine/Plugins/Interchange/Assets/Content/Functions/MX_SubsurfaceBSDF.uexp" 527
"../../../Engine/Plugins/Interchange/Assets/Content/Functions/MX_SheenBSDF.uasset" 528
"../../../Engine/Plugins/Interchange/Assets/Content/Functions/MX_SheenBSDF.uexp" 529
"../../../Engine/Plugins/Interchange/Assets/Content/Functions/MX_OrenNayarBSDF.uasset" 530
"../../../Engine/Plugins/Interchange/Assets/Content/Functions/MX_OrenNayarBSDF.uexp" 531
"../../../Engine/Plugins/Interchange/Assets/Content/Functions/MF_IridescenceNoLUT.uasset" 532
"../../../Engine/Plugins/Interchange/Assets/Content/Functions/MF_IridescenceNoLUT.uexp" 533
"../../../Engine/Plugins/Interchange/Assets/Content/Functions/MX_StandardSurface.uasset" 534
"../../../Engine/Plugins/Interchange/Assets/Content/Functions/MX_StandardSurface.uexp" 535
"../../../Engine/Plugins/Interchange/Assets/Content/Functions/MX_TransmissionSurface.uasset" 536
"../../../Engine/Plugins/Interchange/Assets/Content/Functions/MX_TransmissionSurface.uexp" 537
"../../../Engine/Plugins/Interchange/Assets/Content/Functions/MX_OpenPBR_Translucent.uasset" 538
"../../../Engine/Plugins/Interchange/Assets/Content/Functions/MX_OpenPBR_Translucent.uexp" 539
"../../../Engine/Plugins/Interchange/Assets/Content/Functions/MX_OpenPBR_Opaque.uasset" 540
"../../../Engine/Plugins/Interchange/Assets/Content/Functions/MX_OpenPBR_Opaque.uexp" 541
"../../../Engine/Plugins/Interchange/Assets/Content/Functions/MX_MeasuredEDF.uasset" 542
"../../../Engine/Plugins/Interchange/Assets/Content/Functions/MX_MeasuredEDF.uexp" 543
"../../../Engine/Plugins/Interchange/Assets/Content/Functions/MX_GeneralizedSchlickBSDF.uasset" 544
"../../../Engine/Plugins/Interchange/Assets/Content/Functions/MX_GeneralizedSchlickBSDF.uexp" 545
"../../../Engine/Plugins/Interchange/Assets/Content/Functions/MX_Displacement.uasset" 546
"../../../Engine/Plugins/Interchange/Assets/Content/Functions/MX_Displacement.uexp" 547
"../../../Engine/Plugins/Interchange/Assets/Content/Functions/MX_DielectricBSDF.uasset" 548
"../../../Engine/Plugins/Interchange/Assets/Content/Functions/MX_DielectricBSDF.uexp" 549
"../../../Engine/Plugins/Interchange/Assets/Content/Functions/MX_ConicalEDF.uasset" 550
"../../../Engine/Plugins/Interchange/Assets/Content/Functions/MX_ConicalEDF.uexp" 551
"../../../Engine/Plugins/Interchange/Assets/Content/Functions/MX_ConductorBSDF.uasset" 552
"../../../Engine/Plugins/Interchange/Assets/Content/Functions/MX_ConductorBSDF.uexp" 553
"../../../Engine/Plugins/Interchange/Assets/Content/Functions/MX_BurleyDiffuseBSDF.uasset" 554
"../../../Engine/Plugins/Interchange/Assets/Content/Functions/MX_BurleyDiffuseBSDF.uexp" 555
"../../../Engine/Plugins/Interchange/Assets/Content/Functions/MX_AnisotropicVDF.uasset" 556
"../../../Engine/Plugins/Interchange/Assets/Content/Functions/MX_AnisotropicVDF.uexp" 557
"../../../Engine/Plugins/Interchange/Assets/Content/Functions/MX_AbsorptionVDF.uasset" 558
"../../../Engine/Plugins/Interchange/Assets/Content/Functions/MX_AbsorptionVDF.uexp" 559
"../../../Engine/Content/Functions/Engine_MaterialFunctions02/Utility/VectorLength.uasset" 560
"../../../Engine/Content/Functions/Engine_MaterialFunctions02/Utility/VectorLength.uexp" 561
"../../../Engine/Content/Functions/Engine_MaterialFunctions02/Utility/BreakOutFloat3Components.uasset" 562
"../../../Engine/Content/Functions/Engine_MaterialFunctions02/Utility/BreakOutFloat3Components.uexp" 563
"../../../Engine/Content/Functions/Engine_MaterialFunctions02/WorldPositionOffset/ObjectScale.uasset" 564
"../../../Engine/Content/Functions/Engine_MaterialFunctions02/WorldPositionOffset/ObjectScale.uexp" 565
"../../../Engine/Content/Functions/Engine_MaterialFunctions02/SafeNormalize.uasset" 566
"../../../Engine/Content/Functions/Engine_MaterialFunctions02/SafeNormalize.uexp" 567
"../../../Engine/Plugins/Editor/SpeedTreeImporter/Content/SpeedTree9/UnpackInteger3.uasset" 568
"../../../Engine/Plugins/Editor/SpeedTreeImporter/Content/SpeedTree9/UnpackInteger3.uexp" 569
"../../../Engine/Plugins/Editor/SpeedTreeImporter/Content/SpeedTree9/UnpackDirection.uasset" 570
"../../../Engine/Plugins/Editor/SpeedTreeImporter/Content/SpeedTree9/UnpackDirection.uexp" 571
"../../../Engine/Plugins/Editor/SpeedTreeImporter/Content/SpeedTree9/game_wind_noise.ubulk" 572
"../../../Engine/Plugins/Editor/SpeedTreeImporter/Content/SpeedTree9/game_wind_noise.uasset" 573
"../../../Engine/Plugins/Editor/SpeedTreeImporter/Content/SpeedTree9/game_wind_noise.uexp" 574
"../../../Engine/Plugins/Editor/SpeedTreeImporter/Content/SpeedTree9/SpeedTreeWindMotion.uasset" 575
"../../../Engine/Plugins/Editor/SpeedTreeImporter/Content/SpeedTree9/SpeedTreeWindMotion.uexp" 576
"../../../Engine/Plugins/Editor/SpeedTreeImporter/Content/SpeedTree9/SpeedTreeBranchMotion.uasset" 577
"../../../Engine/Plugins/Editor/SpeedTreeImporter/Content/SpeedTree9/SpeedTreeBranchMotion.uexp" 578
"../../../Engine/Content/Functions/Engine_MaterialFunctions02/ObjectLocalBounds.uasset" 579
"../../../Engine/Content/Functions/Engine_MaterialFunctions02/ObjectLocalBounds.uexp" 580
"../../../Engine/Content/Functions/Engine_MaterialFunctions02/UVs/BoundingBoxBased_0-1_UVW.uasset" 581
"../../../Engine/Content/Functions/Engine_MaterialFunctions02/UVs/BoundingBoxBased_0-1_UVW.uexp" 582
"../../../Engine/Plugins/Editor/SpeedTreeImporter/Content/SpeedTree9/SpeedTreeWind.uasset" 583
"../../../Engine/Plugins/Editor/SpeedTreeImporter/Content/SpeedTree9/SpeedTreeWind.uexp" 584
"../../../Engine/Plugins/Editor/SpeedTreeImporter/Content/SpeedTree9/SpeedTreeCameraFacing.uasset" 585
"../../../Engine/Plugins/Editor/SpeedTreeImporter/Content/SpeedTree9/SpeedTreeCameraFacing.uexp" 586
"../../../Engine/Plugins/Editor/SpeedTreeImporter/Content/SpeedTree9/EmptyNormal.uasset" 587
"../../../Engine/Plugins/Editor/SpeedTreeImporter/Content/SpeedTree9/EmptyNormal.uexp" 588
"../../../Engine/Plugins/Editor/SpeedTreeImporter/Content/SpeedTree9/Empty.uasset" 589
"../../../Engine/Plugins/Editor/SpeedTreeImporter/Content/SpeedTree9/Empty.uexp" 590
"../../../Engine/Plugins/Editor/SpeedTreeImporter/Content/SpeedTree9/SpeedTreeMaster.uasset" 591
"../../../Engine/Plugins/Editor/SpeedTreeImporter/Content/SpeedTree9/SpeedTreeMaster.uexp" 592
"../../../Engine/Plugins/Editor/SpeedTreeImporter/Content/SpeedTree9/SpeedTreeBillboard.uasset" 593
"../../../Engine/Plugins/Editor/SpeedTreeImporter/Content/SpeedTree9/SpeedTreeBillboard.uexp" 594
"../../../Engine/Plugins/Editor/SpeedTreeImporter/Content/SpeedTree9/SpeedTreeBillboardMaster.uasset" 595
"../../../Engine/Plugins/Editor/SpeedTreeImporter/Content/SpeedTree9/SpeedTreeBillboardMaster.uexp" 596
"../../../Engine/Content/EngineMaterials/LTC/Sheen_LTC.uasset" 597
"../../../Engine/Content/EngineMaterials/LTC/Sheen_LTC.uexp" 598
"../../../Engine/Content/EngineMaterials/LTC/GGX_LTCMat.uasset" 599
"../../../Engine/Content/EngineMaterials/LTC/GGX_LTCMat.uexp" 600
"../../../Engine/Content/EngineMaterials/LTC/GGX_LTCAmp.uasset" 601
"../../../Engine/Content/EngineMaterials/LTC/GGX_LTCAmp.uexp" 602
"../../../Engine/Content/EngineMaterials/EnergyConservation/Sheen_Energy.uasset" 603
"../../../Engine/Content/EngineMaterials/EnergyConservation/Sheen_Energy.uexp" 604
"../../../Engine/Content/EngineMaterials/EnergyConservation/SheenLegacy_Energy.uasset" 605
"../../../Engine/Content/EngineMaterials/EnergyConservation/SheenLegacy_Energy.uexp" 606
"../../../Engine/Content/EngineMaterials/EnergyConservation/GGX_TransmissionEnergyArray.uasset" 607
"../../../Engine/Content/EngineMaterials/EnergyConservation/GGX_TransmissionEnergyArray.uexp" 608
"../../../Engine/Content/EngineMaterials/EnergyConservation/GGX_ReflectionEnergy.uasset" 609
"../../../Engine/Content/EngineMaterials/EnergyConservation/GGX_ReflectionEnergy.uexp" 610
"../../../Engine/Content/EngineMaterials/EnergyConservation/Diffuse_Energy.uasset" 611
"../../../Engine/Content/EngineMaterials/EnergyConservation/Diffuse_Energy.uexp" 612
"../../../Engine/Content/EditorResources/SequenceRecorder/RecordingIndicator.uasset" 613
"../../../Engine/Content/EditorResources/SequenceRecorder/RecordingIndicator.uexp" 614
"../../../Engine/Content/EditorResources/SequenceRecorder/Countdown.uasset" 615
"../../../Engine/Content/EditorResources/SequenceRecorder/Countdown.uexp" 616
"../../../Engine/Content/EditorMaterials/Camera/CineMat.uasset" 617
"../../../Engine/Content/EditorMaterials/Camera/CineMat.uexp" 618
"../../../Engine/Content/EditorMaterials/Camera/MI_CineMat_Rig.uasset" 619
"../../../Engine/Content/EditorMaterials/Camera/MI_CineMat_Rig.uexp" 620
"../../../Engine/Content/EditorMeshes/Camera/SM_RailRig_Track.ubulk" 621
"../../../Engine/Content/EditorMeshes/Camera/SM_RailRig_Track.uasset" 622
"../../../Engine/Content/EditorMeshes/Camera/SM_RailRig_Track.uexp" 623
"../../../Engine/Content/EditorMeshes/Camera/SM_RailRig_Mount.ubulk" 624
"../../../Engine/Content/EditorMeshes/Camera/SM_RailRig_Mount.uasset" 625
"../../../Engine/Content/EditorMeshes/Camera/SM_RailRig_Mount.uexp" 626
"../../../Engine/Content/EditorMeshes/Camera/SM_CraneRig_Mount.ubulk" 627
"../../../Engine/Content/EditorMeshes/Camera/SM_CraneRig_Mount.uasset" 628
"../../../Engine/Content/EditorMeshes/Camera/SM_CraneRig_Mount.uexp" 629
"../../../Engine/Content/EditorMeshes/Camera/SM_CraneRig_Body.ubulk" 630
"../../../Engine/Content/EditorMeshes/Camera/SM_CraneRig_Body.uasset" 631
"../../../Engine/Content/EditorMeshes/Camera/SM_CraneRig_Body.uexp" 632
"../../../Engine/Content/EditorMeshes/Camera/SM_CraneRig_Base.ubulk" 633
"../../../Engine/Content/EditorMeshes/Camera/SM_CraneRig_Base.uasset" 634
"../../../Engine/Content/EditorMeshes/Camera/SM_CraneRig_Base.uexp" 635
"../../../Engine/Content/EditorMeshes/Camera/SM_CraneRig_Arm.ubulk" 636
"../../../Engine/Content/EditorMeshes/Camera/SM_CraneRig_Arm.uasset" 637
"../../../Engine/Content/EditorMeshes/Camera/SM_CraneRig_Arm.uexp" 638
"../../../Engine/Content/EditorMaterials/ParticleSystems/PSysThumbnail_OOD.ubulk" 639
"../../../Engine/Content/EditorMaterials/ParticleSystems/PSysThumbnail_OOD.uasset" 640
"../../../Engine/Content/EditorMaterials/ParticleSystems/PSysThumbnail_OOD.uexp" 641
"../../../Engine/Content/EditorMaterials/ParticleSystems/PSysThumbnail_NoImage.ubulk" 642
"../../../Engine/Content/EditorMaterials/ParticleSystems/PSysThumbnail_NoImage.uasset" 643
"../../../Engine/Content/EditorMaterials/ParticleSystems/PSysThumbnail_NoImage.uexp" 644
"../../../Engine/Content/EditorMaterials/Dataflow/DataflowVertexMaterial.uasset" 645
"../../../Engine/Content/EditorMaterials/Dataflow/DataflowVertexMaterial.uexp" 646
"../../../Engine/Content/EditorMaterials/Dataflow/DataflowTwoSidedVertexMaterial.uasset" 647
"../../../Engine/Content/EditorMaterials/Dataflow/DataflowTwoSidedVertexMaterial.uexp" 648
"../../../Engine/Content/VREditor/TransformGizmo/Xray.uasset" 649
"../../../Engine/Content/VREditor/TransformGizmo/Xray.uexp" 650
"../../../Engine/Content/VREditor/TransformGizmo/Main.uasset" 651
"../../../Engine/Content/VREditor/TransformGizmo/Main.uexp" 652
"../../../Engine/Content/VREditor/TransformGizmo/SM_Sequencer_Node.ubulk" 653
"../../../Engine/Content/VREditor/TransformGizmo/SM_Sequencer_Node.uasset" 654
"../../../Engine/Content/VREditor/TransformGizmo/SM_Sequencer_Node.uexp" 655
"../../../Engine/Content/VREditor/TransformGizmo/TranslucentTransformGizmoMaterial.uasset" 656
"../../../Engine/Content/VREditor/TransformGizmo/TranslucentTransformGizmoMaterial.uexp" 657
"../../../Engine/Content/VREditor/LaserPointer/VR_LaserPower_01.ubulk" 658
"../../../Engine/Content/VREditor/LaserPointer/VR_LaserPower_01.uasset" 659
"../../../Engine/Content/VREditor/LaserPointer/VR_LaserPower_01.uexp" 660
"../../../Engine/Content/VREditor/TransformGizmo/TransformGizmoMaterial.uasset" 661
"../../../Engine/Content/VREditor/TransformGizmo/TransformGizmoMaterial.uexp" 662
"../../../Engine/Content/VREditor/TransformGizmo/BoundingBoxEdge.ubulk" 663
"../../../Engine/Content/VREditor/TransformGizmo/BoundingBoxEdge.uasset" 664
"../../../Engine/Content/VREditor/TransformGizmo/BoundingBoxEdge.uexp" 665
"../../../Engine/Content/VREditor/TransformGizmo/BoundingBoxCorner.ubulk" 666
"../../../Engine/Content/VREditor/TransformGizmo/BoundingBoxCorner.uasset" 667
"../../../Engine/Content/VREditor/TransformGizmo/BoundingBoxCorner.uexp" 668
"../../../Engine/Content/EngineResources/FilmGrains/Marcie_Grain_v3_128_M2_000.uasset" 669
"../../../Engine/Content/EngineResources/FilmGrains/Marcie_Grain_v3_128_M2_000.uexp" 670
"../../../Engine/Content/EngineResources/Development/ZenLogo_64.uasset" 671
"../../../Engine/Content/EngineResources/Development/ZenLogo_64.uexp" 672
"../../../Engine/Plugins/Interchange/Assets/Content/gltf/Textures/T_White_srgb.uasset" 673
"../../../Engine/Plugins/Interchange/Assets/Content/gltf/Textures/T_White_srgb.uexp" 674
"../../../Engine/Plugins/Interchange/Assets/Content/gltf/MaterialFunctions/MF_BaseColor.uasset" 675
"../../../Engine/Plugins/Interchange/Assets/Content/gltf/MaterialFunctions/MF_BaseColor.uexp" 676
"../../../Engine/Plugins/Interchange/Assets/Content/gltf/MaterialFunctions/MF_RotateV2.uasset" 677
"../../../Engine/Plugins/Interchange/Assets/Content/gltf/MaterialFunctions/MF_RotateV2.uexp" 678
"../../../Engine/Plugins/Interchange/Assets/Content/gltf/MaterialFunctions/MF_TransformUVs.uasset" 679
"../../../Engine/Plugins/Interchange/Assets/Content/gltf/MaterialFunctions/MF_TransformUVs.uexp" 680
"../../../Engine/Plugins/Interchange/Assets/Content/gltf/MaterialBodies/MF_Unlit_Body.uasset" 681
"../../../Engine/Plugins/Interchange/Assets/Content/gltf/MaterialBodies/MF_Unlit_Body.uexp" 682
"../../../Engine/Plugins/Interchange/Assets/Content/gltf/M_Unlit.uasset" 683
"../../../Engine/Plugins/Interchange/Assets/Content/gltf/M_Unlit.uexp" 684
"../../../Engine/Plugins/Interchange/Assets/Content/gltf/MaterialInstances/MI_Unlit_Opaque_DS.uasset" 685
"../../../Engine/Plugins/Interchange/Assets/Content/gltf/MaterialInstances/MI_Unlit_Opaque_DS.uexp" 686
"../../../Engine/Plugins/Interchange/Assets/Content/gltf/MaterialInstances/MI_Unlit_Opaque.uasset" 687
"../../../Engine/Plugins/Interchange/Assets/Content/gltf/MaterialInstances/MI_Unlit_Opaque.uexp" 688
"../../../Engine/Plugins/Interchange/Assets/Content/gltf/MaterialInstances/MI_Unlit_Mask_DS.uasset" 689
"../../../Engine/Plugins/Interchange/Assets/Content/gltf/MaterialInstances/MI_Unlit_Mask_DS.uexp" 690
"../../../Engine/Plugins/Interchange/Assets/Content/gltf/MaterialInstances/MI_Unlit_Mask.uasset" 691
"../../../Engine/Plugins/Interchange/Assets/Content/gltf/MaterialInstances/MI_Unlit_Mask.uexp" 692
"../../../Engine/Plugins/Interchange/Assets/Content/gltf/MaterialInstances/MI_Unlit_Blend_DS.uasset" 693
"../../../Engine/Plugins/Interchange/Assets/Content/gltf/MaterialInstances/MI_Unlit_Blend_DS.uexp" 694
"../../../Engine/Plugins/Interchange/Assets/Content/gltf/MaterialInstances/MI_Unlit_Blend.uasset" 695
"../../../Engine/Plugins/Interchange/Assets/Content/gltf/MaterialInstances/MI_Unlit_Blend.uexp" 696
"../../../Engine/Content/EngineMaterials/Good64x64TilingNoiseHighFreq.uasset" 697
"../../../Engine/Content/EngineMaterials/Good64x64TilingNoiseHighFreq.uexp" 698
"../../../Engine/Content/Functions/Engine_MaterialFunctions02/Texturing/ScreenAlignedPixelToPixelUVs.uasset" 699
"../../../Engine/Content/Functions/Engine_MaterialFunctions02/Texturing/ScreenAlignedPixelToPixelUVs.uexp" 700
"../../../Engine/Plugins/Interchange/Assets/Content/Utilities/New_LUT.uasset" 701
"../../../Engine/Plugins/Interchange/Assets/Content/Utilities/New_LUT.uexp" 702
"../../../Engine/Content/Functions/Engine_MaterialFunctions03/Math/RemapValueRange.uasset" 703
"../../../Engine/Content/Functions/Engine_MaterialFunctions03/Math/RemapValueRange.uexp" 704
"../../../Engine/Plugins/Interchange/Assets/Content/Functions/MF_Iridescence.uasset" 705
"../../../Engine/Plugins/Interchange/Assets/Content/Functions/MF_Iridescence.uexp" 706
"../../../Engine/Plugins/Interchange/Assets/Content/gltf/MaterialFunctions/MF_Fresnel_DS.uasset" 707
"../../../Engine/Plugins/Interchange/Assets/Content/gltf/MaterialFunctions/MF_Fresnel_DS.uexp" 708
"../../../Engine/Plugins/Interchange/Assets/Content/gltf/MaterialFunctions/MF_IOR.uasset" 709
"../../../Engine/Plugins/Interchange/Assets/Content/gltf/MaterialFunctions/MF_IOR.uexp" 710
"../../../Engine/Plugins/Interchange/Assets/Content/gltf/MaterialFunctions/MF_Iridescence.uasset" 711
"../../../Engine/Plugins/Interchange/Assets/Content/gltf/MaterialFunctions/MF_Iridescence.uexp" 712
"../../../Engine/Plugins/Interchange/Assets/Content/gltf/Textures/T_White_Linear.uasset" 713
"../../../Engine/Plugins/Interchange/Assets/Content/gltf/Textures/T_White_Linear.uexp" 714
"../../../Engine/Plugins/Interchange/Assets/Content/gltf/MaterialFunctions/MF_MetallicRoughness.uasset" 715
"../../../Engine/Plugins/Interchange/Assets/Content/gltf/MaterialFunctions/MF_MetallicRoughness.uexp" 716
"../../../Engine/Content/Functions/Engine_MaterialFunctions02/Math/Transform3x3Matrix.uasset" 717
"../../../Engine/Content/Functions/Engine_MaterialFunctions02/Math/Transform3x3Matrix.uexp" 718
"../../../Engine/Plugins/Interchange/Assets/Content/gltf/MaterialFunctions/MF_RotateNormals_TS.uasset" 719
"../../../Engine/Plugins/Interchange/Assets/Content/gltf/MaterialFunctions/MF_RotateNormals_TS.uexp" 720
"../../../Engine/Plugins/Interchange/Assets/Content/gltf/MaterialFunctions/MF_ScaleNormal.uasset" 721
"../../../Engine/Plugins/Interchange/Assets/Content/gltf/MaterialFunctions/MF_ScaleNormal.uexp" 722
"../../../Engine/Plugins/Interchange/Assets/Content/gltf/Textures/T_Generic_N.uasset" 723
"../../../Engine/Plugins/Interchange/Assets/Content/gltf/Textures/T_Generic_N.uexp" 724
"../../../Engine/Plugins/Interchange/Assets/Content/gltf/MaterialFunctions/MF_Normals.uasset" 725
"../../../Engine/Plugins/Interchange/Assets/Content/gltf/MaterialFunctions/MF_Normals.uexp" 726
"../../../Engine/Plugins/Interchange/Assets/Content/gltf/MaterialFunctions/MF_Occlusion.uasset" 727
"../../../Engine/Plugins/Interchange/Assets/Content/gltf/MaterialFunctions/MF_Occlusion.uexp" 728
"../../../Engine/Plugins/Interchange/Assets/Content/gltf/MaterialFunctions/MF_Specular.uasset" 729
"../../../Engine/Plugins/Interchange/Assets/Content/gltf/MaterialFunctions/MF_Specular.uexp" 730
"../../../Engine/Plugins/Interchange/Assets/Content/gltf/Textures/T_Anisotropy_Direction_Linear.uasset" 731
"../../../Engine/Plugins/Interchange/Assets/Content/gltf/Textures/T_Anisotropy_Direction_Linear.uexp" 732
"../../../Engine/Plugins/Interchange/Assets/Content/gltf/MaterialFunctions/MF_SpecularAnisotropy.uasset" 733
"../../../Engine/Plugins/Interchange/Assets/Content/gltf/MaterialFunctions/MF_SpecularAnisotropy.uexp" 734
"../../../Engine/Plugins/Interchange/Assets/Content/gltf/MaterialFunctions/MF_Temporal_Blur.uasset" 735
"../../../Engine/Plugins/Interchange/Assets/Content/gltf/MaterialFunctions/MF_Temporal_Blur.uexp" 736
"../../../Engine/Plugins/Interchange/Assets/Content/gltf/MaterialFunctions/MF_Transmission.uasset" 737
"../../../Engine/Plugins/Interchange/Assets/Content/gltf/MaterialFunctions/MF_Transmission.uexp" 738
"../../../Engine/Plugins/Interchange/Assets/Content/gltf/MaterialBodies/MF_Transmission_Body.uasset" 739
"../../../Engine/Plugins/Interchange/Assets/Content/gltf/MaterialBodies/MF_Transmission_Body.uexp" 740
"../../../Engine/Plugins/Interchange/Assets/Content/gltf/M_Transmission.uasset" 741
"../../../Engine/Plugins/Interchange/Assets/Content/gltf/M_Transmission.uexp" 742
"../../../Engine/Plugins/Interchange/Assets/Content/gltf/MaterialInstances/MI_Transmission_DS.uasset" 743
"../../../Engine/Plugins/Interchange/Assets/Content/gltf/MaterialInstances/MI_Transmission_DS.uexp" 744
"../../../Engine/Plugins/Interchange/Assets/Content/gltf/MaterialInstances/MI_Transmission.uasset" 745
"../../../Engine/Plugins/Interchange/Assets/Content/gltf/MaterialInstances/MI_Transmission.uexp" 746
"../../../Engine/Content/Functions/Engine_MaterialFunctions02/Math/AddComponents.uasset" 747
"../../../Engine/Content/Functions/Engine_MaterialFunctions02/Math/AddComponents.uexp" 748
"../../../Engine/Plugins/Interchange/Assets/Content/gltf/MaterialFunctions/MF_DiffuseSpecGloss.uasset" 749
"../../../Engine/Plugins/Interchange/Assets/Content/gltf/MaterialFunctions/MF_DiffuseSpecGloss.uexp" 750
"../../../Engine/Plugins/Interchange/Assets/Content/gltf/MaterialFunctions/MF_Emissive.uasset" 751
"../../../Engine/Plugins/Interchange/Assets/Content/gltf/MaterialFunctions/MF_Emissive.uexp" 752
"../../../Engine/Plugins/Interchange/Assets/Content/gltf/MaterialFunctions/MF_MaxComponentValue.uasset" 753
"../../../Engine/Plugins/Interchange/Assets/Content/gltf/MaterialFunctions/MF_MaxComponentValue.uexp" 754
"../../../Engine/Plugins/Interchange/Assets/Content/gltf/MaterialFunctions/MF_PerceivedBrightness.uasset" 755
"../../../Engine/Plugins/Interchange/Assets/Content/gltf/MaterialFunctions/MF_PerceivedBrightness.uexp" 756
"../../../Engine/Plugins/Interchange/Assets/Content/gltf/MaterialFunctions/MF_SpecGlossToMetalRoughness.uasset" 757
"../../../Engine/Plugins/Interchange/Assets/Content/gltf/MaterialFunctions/MF_SpecGlossToMetalRoughness.uexp" 758
"../../../Engine/Plugins/Interchange/Assets/Content/gltf/MaterialBodies/MF_SpecularGlossiness_Body.uasset" 759
"../../../Engine/Plugins/Interchange/Assets/Content/gltf/MaterialBodies/MF_SpecularGlossiness_Body.uexp" 760
"../../../Engine/Plugins/Interchange/Assets/Content/gltf/M_SpecularGlossiness.uasset" 761
"../../../Engine/Plugins/Interchange/Assets/Content/gltf/M_SpecularGlossiness.uexp" 762
"../../../Engine/Plugins/Interchange/Assets/Content/gltf/MaterialInstances/MI_SpecularGlossiness_Opaque_DS.uasset" 763
"../../../Engine/Plugins/Interchange/Assets/Content/gltf/MaterialInstances/MI_SpecularGlossiness_Opaque_DS.uexp" 764
"../../../Engine/Plugins/Interchange/Assets/Content/gltf/MaterialInstances/MI_SpecularGlossiness_Opaque.uasset" 765
"../../../Engine/Plugins/Interchange/Assets/Content/gltf/MaterialInstances/MI_SpecularGlossiness_Opaque.uexp" 766
"../../../Engine/Plugins/Interchange/Assets/Content/gltf/MaterialInstances/MI_SpecularGlossiness_Mask_DS.uasset" 767
"../../../Engine/Plugins/Interchange/Assets/Content/gltf/MaterialInstances/MI_SpecularGlossiness_Mask_DS.uexp" 768
"../../../Engine/Plugins/Interchange/Assets/Content/gltf/MaterialInstances/MI_SpecularGlossiness_Mask.uasset" 769
"../../../Engine/Plugins/Interchange/Assets/Content/gltf/MaterialInstances/MI_SpecularGlossiness_Mask.uexp" 770
"../../../Engine/Plugins/Interchange/Assets/Content/gltf/MaterialInstances/MI_SpecularGlossiness_Blend_DS.uasset" 771
"../../../Engine/Plugins/Interchange/Assets/Content/gltf/MaterialInstances/MI_SpecularGlossiness_Blend_DS.uexp" 772
"../../../Engine/Plugins/Interchange/Assets/Content/gltf/MaterialInstances/MI_SpecularGlossiness_Blend.uasset" 773
"../../../Engine/Plugins/Interchange/Assets/Content/gltf/MaterialInstances/MI_SpecularGlossiness_Blend.uexp" 774
"../../../Engine/Plugins/Interchange/Assets/Content/gltf/MaterialFunctions/MF_Sheen.uasset" 775
"../../../Engine/Plugins/Interchange/Assets/Content/gltf/MaterialFunctions/MF_Sheen.uexp" 776
"../../../Engine/Plugins/Interchange/Assets/Content/gltf/MaterialBodies/MF_Sheen_Body.uasset" 777
"../../../Engine/Plugins/Interchange/Assets/Content/gltf/MaterialBodies/MF_Sheen_Body.uexp" 778
"../../../Engine/Plugins/Interchange/Assets/Content/gltf/M_Sheen.uasset" 779
"../../../Engine/Plugins/Interchange/Assets/Content/gltf/M_Sheen.uexp" 780
"../../../Engine/Plugins/Interchange/Assets/Content/gltf/MaterialInstances/MI_Sheen_Opaque_DS.uasset" 781
"../../../Engine/Plugins/Interchange/Assets/Content/gltf/MaterialInstances/MI_Sheen_Opaque_DS.uexp" 782
"../../../Engine/Plugins/Interchange/Assets/Content/gltf/MaterialInstances/MI_Sheen_Opaque.uasset" 783
"../../../Engine/Plugins/Interchange/Assets/Content/gltf/MaterialInstances/MI_Sheen_Opaque.uexp" 784
"../../../Engine/Plugins/Interchange/Assets/Content/gltf/MaterialInstances/MI_Sheen_Mask_DS.uasset" 785
"../../../Engine/Plugins/Interchange/Assets/Content/gltf/MaterialInstances/MI_Sheen_Mask_DS.uexp" 786
"../../../Engine/Plugins/Interchange/Assets/Content/gltf/MaterialInstances/MI_Sheen_Mask.uasset" 787
"../../../Engine/Plugins/Interchange/Assets/Content/gltf/MaterialInstances/MI_Sheen_Mask.uexp" 788
"../../../Engine/Plugins/Interchange/Assets/Content/gltf/MaterialInstances/MI_Sheen_Blend_DS.uasset" 789
"../../../Engine/Plugins/Interchange/Assets/Content/gltf/MaterialInstances/MI_Sheen_Blend_DS.uexp" 790
"../../../Engine/Plugins/Interchange/Assets/Content/gltf/MaterialInstances/MI_Sheen_Blend.uasset" 791
"../../../Engine/Plugins/Interchange/Assets/Content/gltf/MaterialInstances/MI_Sheen_Blend.uexp" 792
"../../../Engine/Plugins/Interchange/Assets/Content/gltf/MaterialBodies/MF_Default_Body.uasset" 793
"../../../Engine/Plugins/Interchange/Assets/Content/gltf/MaterialBodies/MF_Default_Body.uexp" 794
"../../../Engine/Plugins/Interchange/Assets/Content/gltf/M_Default.uasset" 795
"../../../Engine/Plugins/Interchange/Assets/Content/gltf/M_Default.uexp" 796
"../../../Engine/Plugins/Interchange/Assets/Content/gltf/MaterialInstances/MI_Default_Opaque_DS.uasset" 797
"../../../Engine/Plugins/Interchange/Assets/Content/gltf/MaterialInstances/MI_Default_Opaque_DS.uexp" 798
"../../../Engine/Plugins/Interchange/Assets/Content/gltf/MaterialInstances/MI_Default_Opaque.uasset" 799
"../../../Engine/Plugins/Interchange/Assets/Content/gltf/MaterialInstances/MI_Default_Opaque.uexp" 800
"../../../Engine/Plugins/Interchange/Assets/Content/gltf/MaterialInstances/MI_Default_Mask_DS.uasset" 801
"../../../Engine/Plugins/Interchange/Assets/Content/gltf/MaterialInstances/MI_Default_Mask_DS.uexp" 802
"../../../Engine/Plugins/Interchange/Assets/Content/gltf/MaterialInstances/MI_Default_Mask.uasset" 803
"../../../Engine/Plugins/Interchange/Assets/Content/gltf/MaterialInstances/MI_Default_Mask.uexp" 804
"../../../Engine/Plugins/Interchange/Assets/Content/gltf/MaterialInstances/MI_Default_Blend_DS.uasset" 805
"../../../Engine/Plugins/Interchange/Assets/Content/gltf/MaterialInstances/MI_Default_Blend_DS.uexp" 806
"../../../Engine/Plugins/Interchange/Assets/Content/gltf/MaterialInstances/MI_Default_Blend.uasset" 807
"../../../Engine/Plugins/Interchange/Assets/Content/gltf/MaterialInstances/MI_Default_Blend.uexp" 808
"../../../Engine/Content/Functions/Engine_MaterialFunctions01/Texturing/FlattenNormal.uasset" 809
"../../../Engine/Content/Functions/Engine_MaterialFunctions01/Texturing/FlattenNormal.uexp" 810
"../../../Engine/Plugins/Interchange/Assets/Content/gltf/MaterialFunctions/MF_Clearcoat.uasset" 811
"../../../Engine/Plugins/Interchange/Assets/Content/gltf/MaterialFunctions/MF_Clearcoat.uexp" 812
"../../../Engine/Plugins/Interchange/Assets/Content/gltf/MaterialBodies/MF_ClearCoat_Body.uasset" 813
"../../../Engine/Plugins/Interchange/Assets/Content/gltf/MaterialBodies/MF_ClearCoat_Body.uexp" 814
"../../../Engine/Plugins/Interchange/Assets/Content/gltf/M_ClearCoat.uasset" 815
"../../../Engine/Plugins/Interchange/Assets/Content/gltf/M_ClearCoat.uexp" 816
"../../../Engine/Plugins/Interchange/Assets/Content/gltf/MaterialInstances/MI_ClearCoat_Opaque_DS.uasset" 817
"../../../Engine/Plugins/Interchange/Assets/Content/gltf/MaterialInstances/MI_ClearCoat_Opaque_DS.uexp" 818
"../../../Engine/Plugins/Interchange/Assets/Content/gltf/MaterialInstances/MI_ClearCoat_Opaque.uasset" 819
"../../../Engine/Plugins/Interchange/Assets/Content/gltf/MaterialInstances/MI_ClearCoat_Opaque.uexp" 820
"../../../Engine/Plugins/Interchange/Assets/Content/gltf/MaterialInstances/MI_ClearCoat_Mask_DS.uasset" 821
"../../../Engine/Plugins/Interchange/Assets/Content/gltf/MaterialInstances/MI_ClearCoat_Mask_DS.uexp" 822
"../../../Engine/Plugins/Interchange/Assets/Content/gltf/MaterialInstances/MI_ClearCoat_Mask.uasset" 823
"../../../Engine/Plugins/Interchange/Assets/Content/gltf/MaterialInstances/MI_ClearCoat_Mask.uexp" 824
"../../../Engine/Plugins/Interchange/Assets/Content/gltf/MaterialInstances/MI_ClearCoat_Blend_DS.uasset" 825
"../../../Engine/Plugins/Interchange/Assets/Content/gltf/MaterialInstances/MI_ClearCoat_Blend_DS.uexp" 826
"../../../Engine/Plugins/Interchange/Assets/Content/gltf/MaterialInstances/MI_ClearCoat_Blend.uasset" 827
"../../../Engine/Plugins/Interchange/Assets/Content/gltf/MaterialInstances/MI_ClearCoat_Blend.uexp" 828
"../../../Engine/Content/ArtTools/RenderToTexture/Meshes/S_1_Unit_Plane.ubulk" 829
"../../../Engine/Content/ArtTools/RenderToTexture/Meshes/S_1_Unit_Plane.uasset" 830
"../../../Engine/Content/ArtTools/RenderToTexture/Meshes/S_1_Unit_Plane.uexp" 831
"../../../Engine/Content/Functions/Engine_MaterialFunctions01/Shading/PowerToRoughness.uasset" 832
"../../../Engine/Content/Functions/Engine_MaterialFunctions01/Shading/PowerToRoughness.uexp" 833
"../../../Engine/Content/Functions/Engine_MaterialFunctions01/Shading/ConvertFromDiffSpec.uasset" 834
"../../../Engine/Content/Functions/Engine_MaterialFunctions01/Shading/ConvertFromDiffSpec.uexp" 835
"../../../Engine/Content/EngineMaterials/Substrate/Volume/SubstrateSimpleVolumeLUT3D.uasset" 836
"../../../Engine/Content/EngineMaterials/Substrate/Volume/SubstrateSimpleVolumeLUT3D.uexp" 837
"../../../Engine/Content/EngineMaterials/Substrate/Volume/SubstrateSimpleVolumeEnvLUT3D.uasset" 838
"../../../Engine/Content/EngineMaterials/Substrate/Volume/SubstrateSimpleVolumeEnvLUT3D.uexp" 839
"../../../Engine/Content/EngineMaterials/Substrate/Glints2/AGlintTex2dArray2.uasset" 840
"../../../Engine/Content/EngineMaterials/Substrate/Glints2/AGlintTex2dArray2.uexp" 841
"../../../Engine/Content/EngineMaterials/Substrate/GLints/AGlintTex2dArray.uasset" 842
"../../../Engine/Content/EngineMaterials/Substrate/GLints/AGlintTex2dArray.uexp" 843
"../../../Engine/Content/EngineResources/LandscapeVisibilityLayerInfo.uasset" 844
"../../../Engine/Content/EngineResources/LandscapeVisibilityLayerInfo.uexp" 845
"../../../Engine/Plugins/NNE/NNEDenoiser/Content/NNE_oidn2-3-0_rt_hdr_alb_nrm_small__dyn__fp16_opset11_DenoiseAlpha.uasset" 846
"../../../Engine/Plugins/NNE/NNEDenoiser/Content/NNE_oidn2-3-0_rt_hdr_alb_nrm_small__dyn__fp16_opset11_DenoiseAlpha.uexp" 847
"../../../Engine/Plugins/NNE/NNEDenoiser/Content/NNE_oidn2-3-0_rt_hdr_alb_nrm_small__dyn__fp16_opset11_ForwardAlpha.uasset" 848
"../../../Engine/Plugins/NNE/NNEDenoiser/Content/NNE_oidn2-3-0_rt_hdr_alb_nrm_small__dyn__fp16_opset11_ForwardAlpha.uexp" 849
"../../../Engine/Plugins/NNE/NNEDenoiser/Content/NNE_oidn2-3-0_rt_hdr_alb_nrm__dyn__fp16_opset11_DenoiseAlpha.uasset" 850
"../../../Engine/Plugins/NNE/NNEDenoiser/Content/NNE_oidn2-3-0_rt_hdr_alb_nrm__dyn__fp16_opset11_DenoiseAlpha.uexp" 851
"../../../Engine/Plugins/NNE/NNEDenoiser/Content/NNE_oidn2-3-0_rt_hdr_alb_nrm__dyn__fp16_opset11_ForwardAlpha.uasset" 852
"../../../Engine/Plugins/NNE/NNEDenoiser/Content/NNE_oidn2-3-0_rt_hdr_alb_nrm__dyn__fp16_opset11_ForwardAlpha.uexp" 853
"../../../Engine/Plugins/NNE/NNEDenoiser/Content/NNE_oidn2-3-0_rt_hdr_calb_cnrm_large__dyn__fp16_opset11_DenoiseAlpha.uasset" 854
"../../../Engine/Plugins/NNE/NNEDenoiser/Content/NNE_oidn2-3-0_rt_hdr_calb_cnrm_large__dyn__fp16_opset11_DenoiseAlpha.uexp" 855
"../../../Engine/Plugins/NNE/NNEDenoiser/Content/NNE_oidn2-3-0_rt_hdr_calb_cnrm_large__dyn__fp16_opset11_ForwardAlpha.uasset" 856
"../../../Engine/Plugins/NNE/NNEDenoiser/Content/NNE_oidn2-3-0_rt_hdr_calb_cnrm_large__dyn__fp16_opset11_ForwardAlpha.uexp" 857
"D:/Unreal Engine Projects/CyberGame/Content/_CyberGame/Blueprints/Widget/WBP_AppBase.uasset" 858
"D:/Unreal Engine Projects/CyberGame/Content/_CyberGame/Blueprints/Widget/WBP_AppBase.uexp" 859
"../../../Engine/Content/VREditor/Sounds/UI/Drop_Item_From_ContentBrowser.ubulk" 860
"../../../Engine/Content/VREditor/Sounds/UI/Drop_Item_From_ContentBrowser.uasset" 861
"../../../Engine/Content/VREditor/Sounds/UI/Drop_Item_From_ContentBrowser.uexp" 862
"../../../Engine/Content/VREditor/TransformGizmo/TransformGizmoMaterial_Inst.uasset" 863
"../../../Engine/Content/VREditor/TransformGizmo/TransformGizmoMaterial_Inst.uexp" 864
"../../../Engine/Content/VREditor/TransformGizmo/TranslucentTransformGizmoMaterial_Inst.uasset" 865
"../../../Engine/Content/VREditor/TransformGizmo/TranslucentTransformGizmoMaterial_Inst.uexp" 866
"../../../Engine/Content/Functions/Engine_MaterialFunctions02/SplitComponents.uasset" 867
"../../../Engine/Content/Functions/Engine_MaterialFunctions02/SplitComponents.uexp" 868
"../../../Engine/Content/VREditor/SnapGrid/SnapGridMaterial.uasset" 869
"../../../Engine/Content/VREditor/SnapGrid/SnapGridMaterial.uexp" 870
"../../../Engine/Content/VREditor/SnapGrid/SnapGridPlaneMesh.ubulk" 871
"../../../Engine/Content/VREditor/SnapGrid/SnapGridPlaneMesh.uasset" 872
"../../../Engine/Content/VREditor/SnapGrid/SnapGridPlaneMesh.uexp" 873
"../../../Engine/Content/VREditor/Sounds/UI/Gizmo_Handle_Clicked.ubulk" 874
"../../../Engine/Content/VREditor/Sounds/UI/Gizmo_Handle_Clicked.uasset" 875
"../../../Engine/Content/VREditor/Sounds/UI/Gizmo_Handle_Clicked.uexp" 876
"../../../Engine/Content/VREditor/Sounds/UI/Object_PickUp.ubulk" 877
"../../../Engine/Content/VREditor/Sounds/UI/Object_PickUp.uasset" 878
"../../../Engine/Content/VREditor/Sounds/UI/Object_PickUp.uexp" 879
"../../../Engine/Content/VREditor/Sounds/UI/Object_Snaps_To_Another_Actor.ubulk" 880
"../../../Engine/Content/VREditor/Sounds/UI/Object_Snaps_To_Another_Actor.uasset" 881
"../../../Engine/Content/VREditor/Sounds/UI/Object_Snaps_To_Another_Actor.uexp" 882
"../../../Engine/Content/VREditor/Sounds/UI/Object_Snaps_To_Grid.ubulk" 883
"../../../Engine/Content/VREditor/Sounds/UI/Object_Snaps_To_Grid.uasset" 884
"../../../Engine/Content/VREditor/Sounds/UI/Object_Snaps_To_Grid.uexp" 885
"../../../Engine/Content/VREditor/Sounds/UI/Scaling_Down.ubulk" 886
"../../../Engine/Content/VREditor/Sounds/UI/Scaling_Down.uasset" 887
"../../../Engine/Content/VREditor/Sounds/UI/Scaling_Down.uexp" 888
"../../../Engine/Content/VREditor/Sounds/UI/Scaling_Up.ubulk" 889
"../../../Engine/Content/VREditor/Sounds/UI/Scaling_Up.uasset" 890
"../../../Engine/Content/VREditor/Sounds/UI/Scaling_Up.uexp" 891
"../../../Engine/Content/VREditor/Sounds/UI/Selection_Changes.ubulk" 892
"../../../Engine/Content/VREditor/Sounds/UI/Selection_Changes.uasset" 893
"../../../Engine/Content/VREditor/Sounds/UI/Selection_Changes.uexp" 894
"../../../Engine/Content/VREditor/TransformGizmo/PlaneTranslationHandle.ubulk" 895
"../../../Engine/Content/VREditor/TransformGizmo/PlaneTranslationHandle.uasset" 896
"../../../Engine/Content/VREditor/TransformGizmo/PlaneTranslationHandle.uexp" 897
"../../../Engine/Content/VREditor/TransformGizmo/RotationHandleFull.ubulk" 898
"../../../Engine/Content/VREditor/TransformGizmo/RotationHandleFull.uasset" 899
"../../../Engine/Content/VREditor/TransformGizmo/RotationHandleFull.uexp" 900
"../../../Engine/Content/VREditor/TransformGizmo/RotationHandleIndicator.ubulk" 901
"../../../Engine/Content/VREditor/TransformGizmo/RotationHandleIndicator.uasset" 902
"../../../Engine/Content/VREditor/TransformGizmo/RotationHandleIndicator.uexp" 903
"../../../Engine/Content/VREditor/TransformGizmo/RotationHandleQuarter.ubulk" 904
"../../../Engine/Content/VREditor/TransformGizmo/RotationHandleQuarter.uasset" 905
"../../../Engine/Content/VREditor/TransformGizmo/RotationHandleQuarter.uexp" 906
"../../../Engine/Content/VREditor/TransformGizmo/StartRotationHandleIndicator.ubulk" 907
"../../../Engine/Content/VREditor/TransformGizmo/StartRotationHandleIndicator.uasset" 908
"../../../Engine/Content/VREditor/TransformGizmo/StartRotationHandleIndicator.uexp" 909
"../../../Engine/Content/VREditor/TransformGizmo/TransformGizmoFreeRotation.ubulk" 910
"../../../Engine/Content/VREditor/TransformGizmo/TransformGizmoFreeRotation.uasset" 911
"../../../Engine/Content/VREditor/TransformGizmo/TransformGizmoFreeRotation.uexp" 912
"../../../Engine/Content/VREditor/TransformGizmo/TranslateArrowHandle.ubulk" 913
"../../../Engine/Content/VREditor/TransformGizmo/TranslateArrowHandle.uasset" 914
"../../../Engine/Content/VREditor/TransformGizmo/TranslateArrowHandle.uexp" 915
"../../../Engine/Content/VREditor/TransformGizmo/UniformScaleHandle.ubulk" 916
"../../../Engine/Content/VREditor/TransformGizmo/UniformScaleHandle.uasset" 917
"../../../Engine/Content/VREditor/TransformGizmo/UniformScaleHandle.uexp" 918
"../../../Engine/Plugins/Animation/DeformerGraph/Content/DeformerFunctions/DG_Function_LinearBlendSkin_Morph_Cloth.uasset" 919
"../../../Engine/Plugins/Animation/DeformerGraph/Content/DeformerFunctions/DG_Function_LinearBlendSkin_Morph_Cloth.uexp" 920
"../../../Engine/Plugins/Animation/DeformerGraph/Content/Deformers/DG_LinearBlendSkin_Morph_Cloth.uasset" 921
"../../../Engine/Plugins/Animation/DeformerGraph/Content/Deformers/DG_LinearBlendSkin_Morph_Cloth.uexp" 922
"../../../Engine/Plugins/Animation/DeformerGraph/Content/DeformerFunctions/DG_Function_LinearBlendSkin_Morph_Cloth_PositionOnly.uasset" 923
"../../../Engine/Plugins/Animation/DeformerGraph/Content/DeformerFunctions/DG_Function_LinearBlendSkin_Morph_Cloth_PositionOnly.uexp" 924
"../../../Engine/Plugins/Animation/DeformerGraph/Content/DeformerFunctions/DG_Function_ComputeNormalsTangents.uasset" 925
"../../../Engine/Plugins/Animation/DeformerGraph/Content/DeformerFunctions/DG_Function_ComputeNormalsTangents.uexp" 926
"../../../Engine/Plugins/Animation/DeformerGraph/Content/Deformers/DG_LinearBlendSkin_Morph_Cloth_RecomputeNormals.uasset" 927
"../../../Engine/Plugins/Animation/DeformerGraph/Content/Deformers/DG_LinearBlendSkin_Morph_Cloth_RecomputeNormals.uexp" 928
"../../../Engine/Plugins/NNE/NNEDenoiser/Content/NNEDT_Oidn2-3_Balanced.uasset" 929
"../../../Engine/Plugins/NNE/NNEDenoiser/Content/NNEDT_Oidn2-3_Balanced.uexp" 930
"../../../Engine/Plugins/NNE/NNEDenoiser/Content/NNEDT_Oidn2-3_Balanced_Alpha.uasset" 931
"../../../Engine/Plugins/NNE/NNEDenoiser/Content/NNEDT_Oidn2-3_Balanced_Alpha.uexp" 932
"../../../Engine/Plugins/NNE/NNEDenoiser/Content/NNED_Oidn2-3_Balanced.uasset" 933
"../../../Engine/Plugins/NNE/NNEDenoiser/Content/NNED_Oidn2-3_Balanced.uexp" 934
"../../../Engine/Plugins/NNE/NNEDenoiser/Content/NNED_Oidn2-3_Balanced_Alpha.uasset" 935
"../../../Engine/Plugins/NNE/NNEDenoiser/Content/NNED_Oidn2-3_Balanced_Alpha.uexp" 936
"../../../Engine/Plugins/NNE/NNEDenoiser/Content/NNED_Oidn2-3_Fast.uasset" 937
"../../../Engine/Plugins/NNE/NNEDenoiser/Content/NNED_Oidn2-3_Fast.uexp" 938
"../../../Engine/Plugins/NNE/NNEDenoiser/Content/NNED_Oidn2-3_Fast_Alpha.uasset" 939
"../../../Engine/Plugins/NNE/NNEDenoiser/Content/NNED_Oidn2-3_Fast_Alpha.uexp" 940
"../../../Engine/Plugins/NNE/NNEDenoiser/Content/NNED_Oidn2-3_HighQuality.uasset" 941
"../../../Engine/Plugins/NNE/NNEDenoiser/Content/NNED_Oidn2-3_HighQuality.uexp" 942
"../../../Engine/Plugins/NNE/NNEDenoiser/Content/NNED_Oidn2-3_HighQuality_Alpha.uasset" 943
"../../../Engine/Plugins/NNE/NNEDenoiser/Content/NNED_Oidn2-3_HighQuality_Alpha.uexp" 944
"../../../Engine/Content/Maps/Entry_BuiltData.uasset" 945
"../../../Engine/Content/Maps/Entry_BuiltData.uexp" 946
"../../../Engine/Content/Maps/Entry.uexp" 947
"../../../Engine/Content/Maps/Entry.umap" 948
"../../../Engine/Content/BasicShapes/Cube.ubulk" 949
"../../../Engine/Content/BasicShapes/Cube.uasset" 950
"../../../Engine/Content/BasicShapes/Cube.uexp" 951
"../../../Engine/Content/BasicShapes/BasicShapeMaterial.uasset" 952
"../../../Engine/Content/BasicShapes/BasicShapeMaterial.uexp" 953
"../../../Engine/Content/EngineDebugMaterials/DebugEditorMaterial.uasset" 954
"../../../Engine/Content/EngineDebugMaterials/DebugEditorMaterial.uexp" 955
"../../../Engine/Content/EditorResources/TilePatine_N.ubulk" 956
"../../../Engine/Content/EditorResources/TilePatine_N.uasset" 957
"../../../Engine/Content/EditorResources/TilePatine_N.uexp" 958
"../../../Engine/Content/EditorResources/TilePatine_D.ubulk" 959
"../../../Engine/Content/EditorResources/TilePatine_D.uasset" 960
"../../../Engine/Content/EditorResources/TilePatine_D.uexp" 961
"../../../Engine/Content/EngineMaterials/Grid.ubulk" 962
"../../../Engine/Content/EngineMaterials/Grid.uasset" 963
"../../../Engine/Content/EngineMaterials/Grid.uexp" 964
"../../../Engine/Content/EditorMaterials/AntialiasedGridFloor.uasset" 965
"../../../Engine/Content/EditorMaterials/AntialiasedGridFloor.uexp" 966
"../../../Engine/Content/EditorMaterials/PersonaFloorMat.uasset" 967
"../../../Engine/Content/EditorMaterials/PersonaFloorMat.uexp" 968
"../../../Engine/Content/MapTemplates/SM_Template_Map_Floor.ubulk" 969
"../../../Engine/Content/MapTemplates/SM_Template_Map_Floor.uasset" 970
"../../../Engine/Content/MapTemplates/SM_Template_Map_Floor.uexp" 971
"../../../Engine/Content/EngineSky/T_Sky_Stars.ubulk" 972
"../../../Engine/Content/EngineSky/T_Sky_Stars.uasset" 973
"../../../Engine/Content/EngineSky/T_Sky_Stars.uexp" 974
"../../../Engine/Content/EngineSky/T_Sky_Clouds_M.ubulk" 975
"../../../Engine/Content/EngineSky/T_Sky_Clouds_M.uasset" 976
"../../../Engine/Content/EngineSky/T_Sky_Clouds_M.uexp" 977
"../../../Engine/Content/EngineSky/T_Sky_Blue.ubulk" 978
"../../../Engine/Content/EngineSky/T_Sky_Blue.uasset" 979
"../../../Engine/Content/EngineSky/T_Sky_Blue.uexp" 980
"../../../Engine/Content/EngineSky/M_Sky_Panning_Clouds2.uasset" 981
"../../../Engine/Content/EngineSky/M_Sky_Panning_Clouds2.uexp" 982
"../../../Engine/Content/EngineSky/SM_SkySphere.ubulk" 983
"../../../Engine/Content/EngineSky/SM_SkySphere.uasset" 984
"../../../Engine/Content/EngineSky/SM_SkySphere.uexp" 985
"../../../Engine/Content/EngineSky/M_SimpleSkyDome.uasset" 986
"../../../Engine/Content/EngineSky/M_SimpleSkyDome.uexp" 987
"../../../Engine/Content/MapTemplates/Materials/BasicAsset01.uasset" 988
"../../../Engine/Content/MapTemplates/Materials/BasicAsset01.uexp" 989
"../../../Engine/Content/EngineSky/VolumetricClouds/VT_PerlinWorley_Balanced.uasset" 990
"../../../Engine/Content/EngineSky/VolumetricClouds/VT_PerlinWorley_Balanced.uexp" 991
"../../../Engine/Content/EngineSky/VolumetricClouds/T_Profile_08.ubulk" 992
"../../../Engine/Content/EngineSky/VolumetricClouds/T_Profile_08.uasset" 993
"../../../Engine/Content/EngineSky/VolumetricClouds/T_Profile_08.uexp" 994
"../../../Engine/Content/EngineSky/VolumetricClouds/T_CloudPattern.ubulk" 995
"../../../Engine/Content/EngineSky/VolumetricClouds/T_CloudPattern.uasset" 996
"../../../Engine/Content/EngineSky/VolumetricClouds/T_CloudPattern.uexp" 997
"../../../Engine/Content/EngineSky/VolumetricClouds/T_CloudMask.ubulk" 998
"../../../Engine/Content/EngineSky/VolumetricClouds/T_CloudMask.uasset" 999
"../../../Engine/Content/EngineSky/VolumetricClouds/T_CloudMask.uexp" 1000
"../../../Engine/Content/Functions/Engine_MaterialFunctions02/Utility/BreakOutFloat4Components.uasset" 1001
"../../../Engine/Content/Functions/Engine_MaterialFunctions02/Utility/BreakOutFloat4Components.uexp" 1002
"../../../Engine/Content/Functions/Engine_MaterialFunctions02/Utility/MakeFloat4.uasset" 1003
"../../../Engine/Content/Functions/Engine_MaterialFunctions02/Utility/MakeFloat4.uexp" 1004
"../../../Engine/Content/EngineResources/DefaultVolumeTexture2D.uasset" 1005
"../../../Engine/Content/EngineResources/DefaultVolumeTexture2D.uexp" 1006
"../../../Engine/Content/EngineResources/DefaultVolumeTexture.uasset" 1007
"../../../Engine/Content/EngineResources/DefaultVolumeTexture.uexp" 1008
"../../../Engine/Content/EngineSky/VolumetricClouds/VT_Lightning.uasset" 1009
"../../../Engine/Content/EngineSky/VolumetricClouds/VT_Lightning.uexp" 1010
"../../../Engine/Content/Functions/Engine_MaterialFunctions01/Units/Km-to-Cm.uasset" 1011
"../../../Engine/Content/Functions/Engine_MaterialFunctions01/Units/Km-to-Cm.uexp" 1012
"../../../Engine/Content/EngineSky/VolumetricClouds/m_SimpleVolumetricCloud.uasset" 1013
"../../../Engine/Content/EngineSky/VolumetricClouds/m_SimpleVolumetricCloud.uexp" 1014
"../../../Engine/Content/EngineSky/VolumetricClouds/m_SimpleVolumetricCloud_Inst.uasset" 1015
"../../../Engine/Content/EngineSky/VolumetricClouds/m_SimpleVolumetricCloud_Inst.uexp" 1016
"D:/Unreal Engine Projects/CyberGame/Content/_CyberGame/Maps/Office_BuiltData.ubulk" 1017
"D:/Unreal Engine Projects/CyberGame/Content/_CyberGame/Maps/Office_BuiltData.uasset" 1018
"D:/Unreal Engine Projects/CyberGame/Content/_CyberGame/Maps/Office_BuiltData.uexp" 1019
"../../../Engine/Content/EngineMeshes/Cube.ubulk" 1020
"../../../Engine/Content/EngineMeshes/Cube.uasset" 1021
"../../../Engine/Content/EngineMeshes/Cube.uexp" 1022
"../../../Engine/Content/VREditor/UI/KeyDiskMaterial.uasset" 1023
"../../../Engine/Content/VREditor/UI/KeyDiskMaterial.uexp" 1024
"../../../Engine/Content/VREditor/UI/DiscMaterial.uasset" 1025
"../../../Engine/Content/VREditor/UI/DiscMaterial.uexp" 1026
"../../../Engine/Content/EditorResources/BSPVertex.uasset" 1027
"../../../Engine/Content/EditorResources/BSPVertex.uexp" 1028
"../../../Engine/Content/EditorResources/Ai_Spawnpoint.ubulk" 1029
"../../../Engine/Content/EditorResources/Ai_Spawnpoint.uasset" 1030
"../../../Engine/Content/EditorResources/Ai_Spawnpoint.uexp" 1031
"../../../Engine/Content/EditorMaterials/CASC_Curve_2.uasset" 1032
"../../../Engine/Content/EditorMaterials/CASC_Curve_2.uexp" 1033
"../../../Engine/Content/EditorMaterials/Anchor.uasset" 1034
"../../../Engine/Content/EditorMaterials/Anchor.uexp" 1035
"../../../Engine/Content/EngineResources/AICON-Red.uasset" 1036
"../../../Engine/Content/EngineResources/AICON-Red.uexp" 1037
"../../../Engine/Content/EngineMaterials/BlendFunc_DefBlend.uasset" 1038
"../../../Engine/Content/EngineMaterials/BlendFunc_DefBlend.uexp" 1039
"../../../Engine/Content/EngineMaterials/BlendFunc_DefBase.uasset" 1040
"../../../Engine/Content/EngineMaterials/BlendFunc_DefBase.uexp" 1041
"../../../Engine/Content/MobileResources/HUD/AnalogHat.uasset" 1042
"../../../Engine/Content/MobileResources/HUD/AnalogHat.uexp" 1043
"D:/Unreal Engine Projects/CyberGame/Content/_CyberGame/Missions/Emails/S_EmailEntry.uasset" 1044
"D:/Unreal Engine Projects/CyberGame/Content/_CyberGame/Missions/Emails/S_EmailEntry.uexp" 1045
"D:/Unreal Engine Projects/CyberGame/Content/_CyberGame/Blueprints/Widget/WBP_EmailEntry.uasset" 1046
"D:/Unreal Engine Projects/CyberGame/Content/_CyberGame/Blueprints/Widget/WBP_EmailEntry.uexp" 1047
"D:/Unreal Engine Projects/CyberGame/Content/_CyberGame/Blueprints/Widget/WBP_MailApp.uasset" 1048
"D:/Unreal Engine Projects/CyberGame/Content/_CyberGame/Blueprints/Widget/WBP_MailApp.uexp" 1049
"D:/Unreal Engine Projects/CyberGame/Content/_CyberGame/Blueprints/Widget/WBP_LogEntry.uasset" 1050
"D:/Unreal Engine Projects/CyberGame/Content/_CyberGame/Blueprints/Widget/WBP_LogEntry.uexp" 1051
"D:/Unreal Engine Projects/CyberGame/Content/_CyberGame/Blueprints/Widget/WBP_LogsApp.uasset" 1052
"D:/Unreal Engine Projects/CyberGame/Content/_CyberGame/Blueprints/Widget/WBP_LogsApp.uexp" 1053
"D:/Unreal Engine Projects/CyberGame/Content/_CyberGame/Missions/S_Log.uasset" 1054
"D:/Unreal Engine Projects/CyberGame/Content/_CyberGame/Missions/S_Log.uexp" 1055
"D:/Unreal Engine Projects/CyberGame/Content/_CyberGame/Missions/S_MissionEntry.uasset" 1056
"D:/Unreal Engine Projects/CyberGame/Content/_CyberGame/Missions/S_MissionEntry.uexp" 1057
"D:/Unreal Engine Projects/CyberGame/Content/_CyberGame/Blueprints/System/GI_CyberGame.uasset" 1058
"D:/Unreal Engine Projects/CyberGame/Content/_CyberGame/Blueprints/System/GI_CyberGame.uexp" 1059
"D:/Unreal Engine Projects/CyberGame/Content/_CyberGame/Blueprints/Widget/WBP_NotificationEntry.uasset" 1060
"D:/Unreal Engine Projects/CyberGame/Content/_CyberGame/Blueprints/Widget/WBP_NotificationEntry.uexp" 1061
"../../../Engine/Content/VREditor/Devices/Vive/ViveControllerDiffuse.ubulk" 1062
"../../../Engine/Content/VREditor/Devices/Vive/ViveControllerDiffuse.uasset" 1063
"../../../Engine/Content/VREditor/Devices/Vive/ViveControllerDiffuse.uexp" 1064
"../../../Engine/Content/VREditor/Devices/Vive/ViveControllerMaterial.uasset" 1065
"../../../Engine/Content/VREditor/Devices/Vive/ViveControllerMaterial.uexp" 1066
"../../../Engine/Content/Tutorial/SubEditors/TutorialAssets/TutorialMaterial.uasset" 1067
"../../../Engine/Content/Tutorial/SubEditors/TutorialAssets/TutorialMaterial.uexp" 1068
"D:/Unreal Engine Projects/CyberGame/Content/_CyberGame/Blueprints/Actors/BP_EmployeeComputer.uasset" 1069
"D:/Unreal Engine Projects/CyberGame/Content/_CyberGame/Blueprints/Actors/BP_EmployeeComputer.uexp" 1070
"D:/Unreal Engine Projects/CyberGame/Content/_CyberGame/Blueprints/Widget/WBP_HeroHUD.uasset" 1071
"D:/Unreal Engine Projects/CyberGame/Content/_CyberGame/Blueprints/Widget/WBP_HeroHUD.uexp" 1072
"D:/Unreal Engine Projects/CyberGame/Content/_CyberGame/Blueprints/Player/PC_CyberGame.uasset" 1073
"D:/Unreal Engine Projects/CyberGame/Content/_CyberGame/Blueprints/Player/PC_CyberGame.uexp" 1074
"D:/Unreal Engine Projects/CyberGame/Content/_CyberGame/Missions/Emails/Emails.uasset" 1075
"D:/Unreal Engine Projects/CyberGame/Content/_CyberGame/Missions/Emails/Emails.uexp" 1076
"D:/Unreal Engine Projects/CyberGame/Content/_CyberGame/Missions/DT_ProtectorMissions.uasset" 1077
"D:/Unreal Engine Projects/CyberGame/Content/_CyberGame/Missions/DT_ProtectorMissions.uexp" 1078
"D:/Unreal Engine Projects/CyberGame/Content/_CyberGame/Input/Actions/IA_Interact.uasset" 1079
"D:/Unreal Engine Projects/CyberGame/Content/_CyberGame/Input/Actions/IA_Interact.uexp" 1080
"D:/Unreal Engine Projects/CyberGame/Content/_CyberGame/Input/Actions/IA_Look.uasset" 1081
"D:/Unreal Engine Projects/CyberGame/Content/_CyberGame/Input/Actions/IA_Look.uexp" 1082
"D:/Unreal Engine Projects/CyberGame/Content/_CyberGame/Input/Actions/IA_Move.uasset" 1083
"D:/Unreal Engine Projects/CyberGame/Content/_CyberGame/Input/Actions/IA_Move.uexp" 1084
"D:/Unreal Engine Projects/CyberGame/Content/_CyberGame/Input/Actions/IA_LPM.uasset" 1085
"D:/Unreal Engine Projects/CyberGame/Content/_CyberGame/Input/Actions/IA_LPM.uexp" 1086
"D:/Unreal Engine Projects/CyberGame/Content/_CyberGame/Input/IMC_Default.uasset" 1087
"D:/Unreal Engine Projects/CyberGame/Content/_CyberGame/Input/IMC_Default.uexp" 1088
"D:/Unreal Engine Projects/CyberGame/Content/_CyberGame/Blueprints/Character/BP_Hero.uasset" 1089
"D:/Unreal Engine Projects/CyberGame/Content/_CyberGame/Blueprints/Character/BP_Hero.uexp" 1090
"D:/Unreal Engine Projects/CyberGame/Content/_CyberGame/Blueprints/GameModes/GM_CyberGame.uasset" 1091
"D:/Unreal Engine Projects/CyberGame/Content/_CyberGame/Blueprints/GameModes/GM_CyberGame.uexp" 1092
"D:/Unreal Engine Projects/CyberGame/Content/_CyberGame/Blueprints/System/BFL_Cyber.uasset" 1093
"D:/Unreal Engine Projects/CyberGame/Content/_CyberGame/Blueprints/System/BFL_Cyber.uexp" 1094
"D:/Unreal Engine Projects/CyberGame/Content/_CyberGame/Blueprints/Widget/WBP_ScannerApp.uasset" 1095
"D:/Unreal Engine Projects/CyberGame/Content/_CyberGame/Blueprints/Widget/WBP_ScannerApp.uexp" 1096
"../../../Engine/Content/EditorMaterials/Tick.uasset" 1097
"../../../Engine/Content/EditorMaterials/Tick.uexp" 1098
"../../../Engine/Content/EditorMaterials/Cross.uasset" 1099
"../../../Engine/Content/EditorMaterials/Cross.uexp" 1100
"D:/Unreal Engine Projects/CyberGame/Content/_CyberGame/Blueprints/Widget/WBP_DesktopAppIcon.uasset" 1101
"D:/Unreal Engine Projects/CyberGame/Content/_CyberGame/Blueprints/Widget/WBP_DesktopAppIcon.uexp" 1102
"D:/Unreal Engine Projects/CyberGame/Content/_CyberGame/Blueprints/Widget/WBP_NetworkApp.uasset" 1103
"D:/Unreal Engine Projects/CyberGame/Content/_CyberGame/Blueprints/Widget/WBP_NetworkApp.uexp" 1104
"../../../Engine/Content/Tutorial/BlueprintTutorials/TutorialAssets/Blueprint_64x.uasset" 1105
"../../../Engine/Content/Tutorial/BlueprintTutorials/TutorialAssets/Blueprint_64x.uexp" 1106
"D:/Unreal Engine Projects/CyberGame/Content/_CyberGame/Blueprints/Widget/WBP_Monitor.uasset" 1107
"D:/Unreal Engine Projects/CyberGame/Content/_CyberGame/Blueprints/Widget/WBP_Monitor.uexp" 1108
"D:/Unreal Engine Projects/CyberGame/Content/_CyberGame/Blueprints/Actors/BP_Computer.uasset" 1109
"D:/Unreal Engine Projects/CyberGame/Content/_CyberGame/Blueprints/Actors/BP_Computer.uexp" 1110
"D:/Unreal Engine Projects/CyberGame/Content/_CyberGame/Maps/Office.uexp" 1111
"D:/Unreal Engine Projects/CyberGame/Content/_CyberGame/Maps/Office.umap" 1112
"D:/Unreal Engine Projects/CyberGame/Content/_CyberGame/Missions/DT_AttackerMissions.uasset" 1113
"D:/Unreal Engine Projects/CyberGame/Content/_CyberGame/Missions/DT_AttackerMissions.uexp" 1114
"D:/Unreal Engine Projects/CyberGame/Content/_CyberGame/Blueprints/Widget/WBP_MissionEntry.uasset" 1115
"D:/Unreal Engine Projects/CyberGame/Content/_CyberGame/Blueprints/Widget/WBP_MissionEntry.uexp" 1116
"D:/Unreal Engine Projects/CyberGame/Content/_CyberGame/Blueprints/Widget/WBP_MainMenu.uasset" 1117
"D:/Unreal Engine Projects/CyberGame/Content/_CyberGame/Blueprints/Widget/WBP_MainMenu.uexp" 1118
"D:/Unreal Engine Projects/CyberGame/Content/_CyberGame/Blueprints/GameModes/GM_MainMenu.uasset" 1119
"D:/Unreal Engine Projects/CyberGame/Content/_CyberGame/Blueprints/GameModes/GM_MainMenu.uexp" 1120
"D:/Unreal Engine Projects/CyberGame/Content/_CyberGame/Maps/MainMenu.uexp" 1121
"D:/Unreal Engine Projects/CyberGame/Content/_CyberGame/Maps/MainMenu.umap" 1122
